Archive member included to satisfy reference by file (symbol)

C:/ST/STM32CubeIDE_1.16.0/STM32CubeIDE/plugins/com.st.stm32cube.ide.mcu.externaltools.gnu-tools-for-stm32.12.3.rel1.win32_1.0.200.202406191623/tools/bin/../lib/gcc/arm-none-eabi/12.3.1/../../../../arm-none-eabi/lib/thumb/v7e-m+fp/hard\libc_nano.a(libc_a-exit.o)
                              C:/ST/STM32CubeIDE_1.16.0/STM32CubeIDE/plugins/com.st.stm32cube.ide.mcu.externaltools.gnu-tools-for-stm32.12.3.rel1.win32_1.0.200.202406191623/tools/bin/../lib/gcc/arm-none-eabi/12.3.1/../../../../arm-none-eabi/lib/thumb/v7e-m+fp/hard/crt0.o (exit)
C:/ST/STM32CubeIDE_1.16.0/STM32CubeIDE/plugins/com.st.stm32cube.ide.mcu.externaltools.gnu-tools-for-stm32.12.3.rel1.win32_1.0.200.202406191623/tools/bin/../lib/gcc/arm-none-eabi/12.3.1/../../../../arm-none-eabi/lib/thumb/v7e-m+fp/hard\libc_nano.a(libc_a-findfp.o)
                              C:/ST/STM32CubeIDE_1.16.0/STM32CubeIDE/plugins/com.st.stm32cube.ide.mcu.externaltools.gnu-tools-for-stm32.12.3.rel1.win32_1.0.200.202406191623/tools/bin/../lib/gcc/arm-none-eabi/12.3.1/../../../../arm-none-eabi/lib/thumb/v7e-m+fp/hard\libc_nano.a(libc_a-exit.o) (__stdio_exit_handler)
C:/ST/STM32CubeIDE_1.16.0/STM32CubeIDE/plugins/com.st.stm32cube.ide.mcu.externaltools.gnu-tools-for-stm32.12.3.rel1.win32_1.0.200.202406191623/tools/bin/../lib/gcc/arm-none-eabi/12.3.1/../../../../arm-none-eabi/lib/thumb/v7e-m+fp/hard\libc_nano.a(libc_a-fwalk.o)
                              C:/ST/STM32CubeIDE_1.16.0/STM32CubeIDE/plugins/com.st.stm32cube.ide.mcu.externaltools.gnu-tools-for-stm32.12.3.rel1.win32_1.0.200.202406191623/tools/bin/../lib/gcc/arm-none-eabi/12.3.1/../../../../arm-none-eabi/lib/thumb/v7e-m+fp/hard\libc_nano.a(libc_a-findfp.o) (_fwalk_sglue)
C:/ST/STM32CubeIDE_1.16.0/STM32CubeIDE/plugins/com.st.stm32cube.ide.mcu.externaltools.gnu-tools-for-stm32.12.3.rel1.win32_1.0.200.202406191623/tools/bin/../lib/gcc/arm-none-eabi/12.3.1/../../../../arm-none-eabi/lib/thumb/v7e-m+fp/hard\libc_nano.a(libc_a-snprintf.o)
                              ./HAL/LCD/lcd.o (snprintf)
C:/ST/STM32CubeIDE_1.16.0/STM32CubeIDE/plugins/com.st.stm32cube.ide.mcu.externaltools.gnu-tools-for-stm32.12.3.rel1.win32_1.0.200.202406191623/tools/bin/../lib/gcc/arm-none-eabi/12.3.1/../../../../arm-none-eabi/lib/thumb/v7e-m+fp/hard\libc_nano.a(libc_a-stdio.o)
                              C:/ST/STM32CubeIDE_1.16.0/STM32CubeIDE/plugins/com.st.stm32cube.ide.mcu.externaltools.gnu-tools-for-stm32.12.3.rel1.win32_1.0.200.202406191623/tools/bin/../lib/gcc/arm-none-eabi/12.3.1/../../../../arm-none-eabi/lib/thumb/v7e-m+fp/hard\libc_nano.a(libc_a-findfp.o) (__sread)
C:/ST/STM32CubeIDE_1.16.0/STM32CubeIDE/plugins/com.st.stm32cube.ide.mcu.externaltools.gnu-tools-for-stm32.12.3.rel1.win32_1.0.200.202406191623/tools/bin/../lib/gcc/arm-none-eabi/12.3.1/../../../../arm-none-eabi/lib/thumb/v7e-m+fp/hard\libc_nano.a(libc_a-memset.o)
                              C:/ST/STM32CubeIDE_1.16.0/STM32CubeIDE/plugins/com.st.stm32cube.ide.mcu.externaltools.gnu-tools-for-stm32.12.3.rel1.win32_1.0.200.202406191623/tools/bin/../lib/gcc/arm-none-eabi/12.3.1/../../../../arm-none-eabi/lib/thumb/v7e-m+fp/hard/crt0.o (memset)
C:/ST/STM32CubeIDE_1.16.0/STM32CubeIDE/plugins/com.st.stm32cube.ide.mcu.externaltools.gnu-tools-for-stm32.12.3.rel1.win32_1.0.200.202406191623/tools/bin/../lib/gcc/arm-none-eabi/12.3.1/../../../../arm-none-eabi/lib/thumb/v7e-m+fp/hard\libc_nano.a(libc_a-closer.o)
                              C:/ST/STM32CubeIDE_1.16.0/STM32CubeIDE/plugins/com.st.stm32cube.ide.mcu.externaltools.gnu-tools-for-stm32.12.3.rel1.win32_1.0.200.202406191623/tools/bin/../lib/gcc/arm-none-eabi/12.3.1/../../../../arm-none-eabi/lib/thumb/v7e-m+fp/hard\libc_nano.a(libc_a-stdio.o) (_close_r)
C:/ST/STM32CubeIDE_1.16.0/STM32CubeIDE/plugins/com.st.stm32cube.ide.mcu.externaltools.gnu-tools-for-stm32.12.3.rel1.win32_1.0.200.202406191623/tools/bin/../lib/gcc/arm-none-eabi/12.3.1/../../../../arm-none-eabi/lib/thumb/v7e-m+fp/hard\libc_nano.a(libc_a-reent.o)
                              C:/ST/STM32CubeIDE_1.16.0/STM32CubeIDE/plugins/com.st.stm32cube.ide.mcu.externaltools.gnu-tools-for-stm32.12.3.rel1.win32_1.0.200.202406191623/tools/bin/../lib/gcc/arm-none-eabi/12.3.1/../../../../arm-none-eabi/lib/thumb/v7e-m+fp/hard\libc_nano.a(libc_a-closer.o) (errno)
C:/ST/STM32CubeIDE_1.16.0/STM32CubeIDE/plugins/com.st.stm32cube.ide.mcu.externaltools.gnu-tools-for-stm32.12.3.rel1.win32_1.0.200.202406191623/tools/bin/../lib/gcc/arm-none-eabi/12.3.1/../../../../arm-none-eabi/lib/thumb/v7e-m+fp/hard\libc_nano.a(libc_a-impure.o)
                              C:/ST/STM32CubeIDE_1.16.0/STM32CubeIDE/plugins/com.st.stm32cube.ide.mcu.externaltools.gnu-tools-for-stm32.12.3.rel1.win32_1.0.200.202406191623/tools/bin/../lib/gcc/arm-none-eabi/12.3.1/../../../../arm-none-eabi/lib/thumb/v7e-m+fp/hard\libc_nano.a(libc_a-snprintf.o) (_impure_ptr)
[...]
Memory Configuration

Name             Origin             Length             Attributes
RAM              0x20000000         0x00010000         xrw
FLASH            0x08000000         0x00040000         xr
*default*        0x00000000         0xffffffff

Linker script and memory map

LOAD C:/ST/STM32CubeIDE_1.16.0/STM32CubeIDE/plugins/com.st.stm32cube.ide.mcu.externaltools.gnu-tools-for-stm32.12.3.rel1.win32_1.0.200.202406191623/tools/bin/../lib/gcc/arm-none-eabi/12.3.1/thumb/v7e-m+fp/hard/crti.o
LOAD C:/ST/STM32CubeIDE_1.16.0/STM32CubeIDE/plugins/com.st.stm32cube.ide.mcu.externaltools.gnu-tools-for-stm32.12.3.rel1.win32_1.0.200.202406191623/tools/bin/../lib/gcc/arm-none-eabi/12.3.1/thumb/v7e-m+fp/hard/crtbegin.o
LOAD C:/ST/STM32CubeIDE_1.16.0/STM32CubeIDE/plugins/com.st.stm32cube.ide.mcu.externaltools.gnu-tools-for-stm32.12.3.rel1.win32_1.0.200.202406191623/tools/bin/../lib/gcc/arm-none-eabi/12.3.1/../../../../arm-none-eabi/lib/thumb/v7e-m+fp/hard/crt0.o
LOAD ./Core/Src/adc.o
LOAD ./Core/Src/dma.o
LOAD ./Core/Src/gpio.o
LOAD ./Core/Src/main.o
LOAD ./Core/Src/stm32f4xx_hal_msp.o
LOAD ./Core/Src/stm32f4xx_it.o
LOAD ./Core/Src/syscalls.o
LOAD ./Core/Src/sysmem.o
LOAD ./Core/Src/system_stm32f4xx.o
LOAD ./Core/Src/tim.o
LOAD ./Core/Src/usart.o
LOAD ./Core/Startup/startup_stm32f401rctx.o
LOAD ./Drivers/STM32F4xx_HAL_Driver/stm32f4xx_hal.o
LOAD ./Drivers/STM32F4xx_HAL_Driver/stm32f4xx_hal_adc.o
LOAD ./Drivers/STM32F4xx_HAL_Driver/stm32f4xx_hal_adc_ex.o
LOAD ./Drivers/STM32F4xx_HAL_Driver/stm32f4xx_hal_cortex.o
LOAD ./Drivers/STM32F4xx_HAL_Driver/stm32f4xx_hal_dma.o
LOAD ./Drivers/STM32F4xx_HAL_Driver/stm32f4xx_hal_dma_ex.o
LOAD ./Drivers/STM32F4xx_HAL_Driver/stm32f4xx_hal_exti.o
LOAD ./Drivers/STM32F4xx_HAL_Driver/stm32f4xx_hal_flash.o
LOAD ./Drivers/STM32F4xx_HAL_Driver/stm32f4xx_hal_flash_ex.o
LOAD ./Drivers/STM32F4xx_HAL_Driver/stm32f4xx_hal_flash_ramfunc.o
LOAD ./Drivers/STM32F4xx_HAL_Driver/stm32f4xx_hal_gpio.o
LOAD ./Drivers/STM32F4xx_HAL_Driver/stm32f4xx_hal_pwr.o
LOAD ./Drivers/STM32F4xx_HAL_Driver/stm32f4xx_hal_pwr_ex.o
LOAD ./Drivers/STM32F4xx_HAL_Driver/stm32f4xx_hal_rcc.o
LOAD ./Drivers/STM32F4xx_HAL_Driver/stm32f4xx_hal_rcc_ex.o
LOAD ./Drivers/STM32F4xx_HAL_Driver/stm32f4xx_hal_tim.o
LOAD ./Drivers/STM32F4xx_HAL_Driver/stm32f4xx_hal_tim_ex.o
LOAD ./Drivers/STM32F4xx_HAL_Driver/stm32f4xx_hal_uart.o
LOAD ./Drivers/STM32F4xx_HAL_Driver/stm32f4xx_ll_adc.o
LOAD ./HAL/Keypad/keypad.o
LOAD ./HAL/Keypad/keypad_cfg.o
LOAD ./HAL/LCD/lcd.o
LOAD ./HAL/LCD/lcd_cfg.o
LOAD ./HAL/Led/led.o
LOAD ./HAL/Led/led_cfg.o
LOAD ./HAL/servo_motor/servo.o
LOAD ./HAL/servo_motor/servo_cfg.o
LOAD ./HAL/ultrasonic/ultrasonic.o
LOAD ./HAL/ultrasonic/ultrasonic_cfg.o
START GROUP
LOAD C:/ST/STM32CubeIDE_1.16.0/STM32CubeIDE/plugins/com.st.stm32cube.ide.mcu.externaltools.gnu-tools-for-stm32.12.3.rel1.win32_1.0.200.202406191623/tools/bin/../lib/gcc/arm-none-eabi/12.3.1/../../../../arm-none-eabi/lib/thumb/v7e-m+fp/hard\libc_nano.a
LOAD C:/ST/STM32CubeIDE_1.16.0/STM32CubeIDE/plugins/com.st.stm32cube.ide.mcu.externaltools.gnu-tools-for-stm32.12.3.rel1.win32_1.0.200.202406191623/tools/bin/../lib/gcc/arm-none-eabi/12.3.1/../../../../arm-none-eabi/lib/thumb/v7e-m+fp/hard\libm.a
END GROUP
START GROUP
LOAD C:/ST/STM32CubeIDE_1.16.0/STM32CubeIDE/plugins/com.st.stm32cube.ide.mcu.externaltools.gnu-tools-for-stm32.12.3.rel1.win32_1.0.200.202406191623/tools/bin/../lib/gcc/arm-none-eabi/12.3.1/thumb/v7e-m+fp/hard\libgcc.a
LOAD C:/ST/STM32CubeIDE_1.16.0/STM32CubeIDE/plugins/com.st.stm32cube.ide.mcu.externaltools.gnu-tools-for-stm32.12.3.rel1.win32_1.0.200.202406191623/tools/bin/../lib/gcc/arm-none-eabi/12.3.1/../../../../arm-none-eabi/lib/thumb/v7e-m+fp/hard\libc_nano.a
END GROUP
START GROUP
LOAD C:/ST/STM32CubeIDE_1.16.0/STM32CubeIDE/plugins/com.st.stm32cube.ide.mcu.externaltools.gnu-tools-for-stm32.12.3.rel1.win32_1.0.200.202406191623/tools/bin/../lib/gcc/arm-none-eabi/12.3.1/thumb/v7e-m+fp/hard\libgcc.a
LOAD C:/ST/STM32CubeIDE_1.16.0/STM32CubeIDE/plugins/com.st.stm32cube.ide.mcu.externaltools.gnu-tools-for-stm32.12.3.rel1.win32_1.0.200.202406191623/tools/bin/../lib/gcc/arm-none-eabi/12.3.1/../../../../arm-none-eabi/lib/thumb/v7e-m+fp/hard\libc_nano.a
LOAD C:/ST/STM32CubeIDE_1.16.0/STM32CubeIDE/plugins/com.st.stm32cube.ide.mcu.externaltools.gnu-tools-for-stm32.12.3.rel1.win32_1.0.200.202406191623/tools/bin/../lib/gcc/arm-none-eabi/12.3.1/../../../../arm-none-eabi/lib/thumb/v7e-m+fp/hard\libnosys.a
END GROUP
START GROUP
LOAD C:/ST/STM32CubeIDE_1.16.0/STM32CubeIDE/plugins/com.st.stm32cube.ide.mcu.externaltools.gnu-tools-for-stm32.12.3.rel1.win32_1.0.200.202406191623/tools/bin/../lib/gcc/arm-none-eabi/12.3.1/thumb/v7e-m+fp/hard\libgcc.a
LOAD C:/ST/STM32CubeIDE_1.16.0/STM32CubeIDE/plugins/com.st.stm32cube.ide.mcu.externaltools.gnu-tools-for-stm32.12.3.rel1.win32_1.0.200.202406191623/tools/bin/../lib/gcc/arm-none-eabi/12.3.1/../../../../arm-none-eabi/lib/thumb/v7e-m+fp/hard\libc_nano.a
LOAD C:/ST/STM32CubeIDE_1.16.0/STM32CubeIDE/plugins/com.st.stm32cube.ide.mcu.externaltools.gnu-tools-for-stm32.12.3.rel1.win32_1.0.200.202406191623/tools/bin/../lib/gcc/arm-none-eabi/12.3.1/../../../../arm-none-eabi/lib/thumb/v7e-m+fp/hard\libnosys.a
END GROUP
LOAD C:/ST/STM32CubeIDE_1.16.0/STM32CubeIDE/plugins/com.st.stm32cube.ide.mcu.externaltools.gnu-tools-for-stm32.12.3.rel1.win32_1.0.200.202406191623/tools/bin/../lib/gcc/arm-none-eabi/12.3.1/thumb/v7e-m+fp/hard/crtend.o
LOAD C:/ST/STM32CubeIDE_1.16.0/STM32CubeIDE/plugins/com.st.stm32cube.ide.mcu.externaltools.gnu-tools-for-stm32.12.3.rel1.win32_1.0.200.202406191623/tools/bin/../lib/gcc/arm-none-eabi/12.3.1/thumb/v7e-m+fp/hard/crtn.o
                0x20010000                        _estack = (ORIGIN (RAM) + LENGTH (RAM))
                0x00000200                        _Min_Heap_Size = 0x200
                0x00000400                        _Min_Stack_Size = 0x400

.isr_vector     0x08000000      0x194
                0x08000000                        . = ALIGN (0x4)
 *(.isr_vector)
 .isr_vector    0x08000000      0x194 ./Core/Startup/startup_stm32f401rctx.o
                0x08000000                g_pfnVectors
                0x08000194                        . = ALIGN (0x4)

.text           0x08000198     0x612c
                0x08000198                        . = ALIGN (0x4)
 *(.text)
 .text          0x08000198       0x40 C:/ST/STM32CubeIDE_1.16.0/STM32CubeIDE/plugins/com.st.stm32cube.ide.mcu.externaltools.gnu-tools-for-stm32.12.3.rel1.win32_1.0.200.202406191623/tools/bin/../lib/gcc/arm-none-eabi/12.3.1/thumb/v7e-m+fp/hard/crtbegin.o
 .text          0x080001d8      0x254 C:/ST/STM32CubeIDE_1.16.0/STM32CubeIDE/plugins/com.st.stm32cube.ide.mcu.externaltools.gnu-tools-for-stm32.12.3.rel1.win32_1.0.200.202406191623/tools/bin/../lib/gcc/arm-none-eabi/12.3.1/thumb/v7e-m+fp/hard\libgcc.a(_arm_muldf3.o)
                0x080001d8                __muldf3
                0x080001d8                __aeabi_dmul
 .text          0x0800042c      0x378 C:/ST/STM32CubeIDE_1.16.0/STM32CubeIDE/plugins/com.st.stm32cube.ide.mcu.externaltools.gnu-tools-for-stm32.12.3.rel1.win32_1.0.200.202406191623/tools/bin/../lib/gcc/arm-none-eabi/12.3.1/thumb/v7e-m+fp/hard\libgcc.a(_arm_addsubdf3.o)
                0x0800042c                __aeabi_drsub
                0x08000434                __aeabi_dsub
                0x08000434                __subdf3
                0x08000438                __aeabi_dadd
                0x08000438                __adddf3
                0x080006b0                __floatunsidf
                0x080006b0                __aeabi_ui2d
                0x080006d0                __floatsidf
                0x080006d0                __aeabi_i2d
                0x080006f4                __aeabi_f2d
                0x080006f4                __extendsfdf2
                0x08000738                __floatundidf
                0x08000738                __aeabi_ul2d
                0x08000748                __floatdidf
                0x08000748                __aeabi_l2d
 .text          0x080007a4       0x40 C:/ST/STM32CubeIDE_1.16.0/STM32CubeIDE/plugins/com.st.stm32cube.ide.mcu.externaltools.gnu-tools-for-stm32.12.3.rel1.win32_1.0.200.202406191623/tools/bin/../lib/gcc/arm-none-eabi/12.3.1/thumb/v7e-m+fp/hard\libgcc.a(_arm_fixunsdfsi.o)
                0x080007a4                __aeabi_d2uiz
                0x080007a4                __fixunsdfsi
 .text          0x080007e4       0x30 C:/ST/STM32CubeIDE_1.16.0/STM32CubeIDE/plugins/com.st.stm32cube.ide.mcu.externaltools.gnu-tools-for-stm32.12.3.rel1.win32_1.0.200.202406191623/tools/bin/../lib/gcc/arm-none-eabi/12.3.1/thumb/v7e-m+fp/hard\libgcc.a(_aeabi_uldivmod.o)
                0x080007e4                __aeabi_uldivmod
 .text          0x08000814      0x2bc C:/ST/STM32CubeIDE_1.16.0/STM32CubeIDE/plugins/com.st.stm32cube.ide.mcu.externaltools.gnu-tools-for-stm32.12.3.rel1.win32_1.0.200.202406191623/tools/bin/../lib/gcc/arm-none-eabi/12.3.1/thumb/v7e-m+fp/hard\libgcc.a(_udivmoddi4.o)
                0x08000814                __udivmoddi4
 .text          0x08000ad0        0x4 C:/ST/STM32CubeIDE_1.16.0/STM32CubeIDE/plugins/com.st.stm32cube.ide.mcu.externaltools.gnu-tools-for-stm32.12.3.rel1.win32_1.0.200.202406191623/tools/bin/../lib/gcc/arm-none-eabi/12.3.1/thumb/v7e-m+fp/hard\libgcc.a(_dvmd_tls.o)
                0x08000ad0                __aeabi_idiv0
                0x08000ad0                __aeabi_ldiv0
 *(.text*)
 .text.MX_ADC1_Init
                0x08000ad4       0xa4 ./Core/Src/adc.o
                0x08000ad4                MX_ADC1_Init
 .text.HAL_ADC_MspInit
                0x08000b78      0x170 ./Core/Src/adc.o
                0x08000b78                HAL_ADC_MspInit
 .text.MX_DMA_Init
                0x08000ce8       0x40 ./Core/Src/dma.o
                0x08000ce8                MX_DMA_Init
 .text.MX_GPIO_Init
                0x08000d28      0x13c ./Core/Src/gpio.o
                0x08000d28                MX_GPIO_Init
 *fill*         0x08000e64        0x4 
 .text.HAL_TIM_IC_CaptureCallback
                0x08000e68      0x130 ./Core/Src/main.o
                0x08000e68                HAL_TIM_IC_CaptureCallback
 .text.main     0x08000f98      0x338 ./Core/Src/main.o
                0x08000f98                main
 .text.SystemClock_Config
                0x080012d0       0xd4 ./Core/Src/main.o
                0x080012d0                SystemClock_Config
 .text.HAL_UART_RxCpltCallback
                0x080013a4       0x2c ./Core/Src/main.o
                0x080013a4                HAL_UART_RxCpltCallback
 .text.HAL_TIM_PeriodElapsedCallback
                0x080013d0       0x74 ./Core/Src/main.o
                0x080013d0                HAL_TIM_PeriodElapsedCallback
 .text.Error_Handler
                0x08001444        0xc ./Core/Src/main.o
                0x08001444                Error_Handler
 .text.HAL_MspInit
                0x08001450       0x50 ./Core/Src/stm32f4xx_hal_msp.o
                0x08001450                HAL_MspInit
 .text.NMI_Handler
                0x080014a0        0x8 ./Core/Src/stm32f4xx_it.o
                0x080014a0                NMI_Handler
 .text.HardFault_Handler
                0x080014a8        0x8 ./Core/Src/stm32f4xx_it.o
                0x080014a8                HardFault_Handler
 .text.MemManage_Handler
                0x080014b0        0x8 ./Core/Src/stm32f4xx_it.o
                0x080014b0                MemManage_Handler
 .text.BusFault_Handler
                0x080014b8        0x8 ./Core/Src/stm32f4xx_it.o
                0x080014b8                BusFault_Handler
 .text.UsageFault_Handler
                0x080014c0        0x8 ./Core/Src/stm32f4xx_it.o
                0x080014c0                UsageFault_Handler
 .text.SVC_Handler
                0x080014c8        0xe ./Core/Src/stm32f4xx_it.o
                0x080014c8                SVC_Handler
 .text.DebugMon_Handler
                0x080014d6        0xe ./Core/Src/stm32f4xx_it.o
                0x080014d6                DebugMon_Handler
 .text.PendSV_Handler
                0x080014e4        0xe ./Core/Src/stm32f4xx_it.o
                0x080014e4                PendSV_Handler
 .text.SysTick_Handler
                0x080014f2        0xc ./Core/Src/stm32f4xx_it.o
                0x080014f2                SysTick_Handler
 *fill*         0x080014fe        0x2 
 .text.ADC_IRQHandler
                0x08001500       0x14 ./Core/Src/stm32f4xx_it.o
                0x08001500                ADC_IRQHandler
 .text.TIM1_BRK_TIM9_IRQHandler
                0x08001514       0x14 ./Core/Src/stm32f4xx_it.o
                0x08001514                TIM1_BRK_TIM9_IRQHandler
 .text.TIM1_UP_TIM10_IRQHandler
                0x08001528       0x1c ./Core/Src/stm32f4xx_it.o
                0x08001528                TIM1_UP_TIM10_IRQHandler
 .text.TIM1_TRG_COM_TIM11_IRQHandler
                0x08001544       0x1c ./Core/Src/stm32f4xx_it.o
                0x08001544                TIM1_TRG_COM_TIM11_IRQHandler
 .text.TIM1_CC_IRQHandler
                0x08001560       0x14 ./Core/Src/stm32f4xx_it.o
                0x08001560                TIM1_CC_IRQHandler
 .text.TIM2_IRQHandler
                0x08001574       0x14 ./Core/Src/stm32f4xx_it.o
                0x08001574                TIM2_IRQHandler
 .text.USART2_IRQHandler
                0x08001588       0x14 ./Core/Src/stm32f4xx_it.o
                0x08001588                USART2_IRQHandler
 .text.DMA2_Stream0_IRQHandler
                0x0800159c       0x14 ./Core/Src/stm32f4xx_it.o
                0x0800159c                DMA2_Stream0_IRQHandler
 .text.SystemInit
                0x080015b0       0x24 ./Core/Src/system_stm32f4xx.o
                0x080015b0                SystemInit
 .text.MX_TIM1_Init
                0x080015d4       0xe8 ./Core/Src/tim.o
                0x080015d4                MX_TIM1_Init
 .text.MX_TIM2_Init
                0x080016bc       0xec ./Core/Src/tim.o
                0x080016bc                MX_TIM2_Init
 .text.MX_TIM10_Init
                0x080017a8       0x48 ./Core/Src/tim.o
                0x080017a8                MX_TIM10_Init
 .text.MX_TIM11_Init
                0x080017f0       0x48 ./Core/Src/tim.o
                0x080017f0                MX_TIM11_Init
 .text.HAL_TIM_Base_MspInit
                0x08001838      0x180 ./Core/Src/tim.o
                0x08001838                HAL_TIM_Base_MspInit
 .text.HAL_TIM_MspPostInit
                0x080019b8       0x70 ./Core/Src/tim.o
                0x080019b8                HAL_TIM_MspPostInit
 .text.MX_USART2_UART_Init
                0x08001a28       0x54 ./Core/Src/usart.o
                0x08001a28                MX_USART2_UART_Init
 .text.HAL_UART_MspInit
                0x08001a7c       0xa0 ./Core/Src/usart.o
                0x08001a7c                HAL_UART_MspInit
 .text.Reset_Handler
                0x08001b1c       0x50 ./Core/Startup/startup_stm32f401rctx.o
                0x08001b1c                Reset_Handler
 .text.Default_Handler
                0x08001b6c        0x2 ./Core/Startup/startup_stm32f401rctx.o
                0x08001b6c                RTC_Alarm_IRQHandler
                0x08001b6c                EXTI2_IRQHandler
                0x08001b6c                SPI4_IRQHandler
                0x08001b6c                DMA2_Stream5_IRQHandler
                0x08001b6c                DMA1_Stream5_IRQHandler
                0x08001b6c                PVD_IRQHandler
                0x08001b6c                SDIO_IRQHandler
                0x08001b6c                TAMP_STAMP_IRQHandler
                0x08001b6c                EXTI3_IRQHandler
                0x08001b6c                I2C3_ER_IRQHandler
                0x08001b6c                EXTI0_IRQHandler
                0x08001b6c                I2C2_EV_IRQHandler
                0x08001b6c                DMA1_Stream2_IRQHandler
                0x08001b6c                FPU_IRQHandler
                0x08001b6c                DMA2_Stream2_IRQHandler
                0x08001b6c                SPI1_IRQHandler
                0x08001b6c                DMA2_Stream3_IRQHandler
                0x08001b6c                USART6_IRQHandler
                0x08001b6c                TIM4_IRQHandler
                0x08001b6c                I2C1_EV_IRQHandler
                0x08001b6c                DMA1_Stream6_IRQHandler
                0x08001b6c                DMA1_Stream1_IRQHandler
                0x08001b6c                TIM3_IRQHandler
                0x08001b6c                RCC_IRQHandler
                0x08001b6c                Default_Handler
                0x08001b6c                EXTI15_10_IRQHandler
                0x08001b6c                DMA1_Stream7_IRQHandler
                0x08001b6c                TIM5_IRQHandler
                0x08001b6c                DMA2_Stream7_IRQHandler
                0x08001b6c                I2C3_EV_IRQHandler
                0x08001b6c                EXTI9_5_IRQHandler
                0x08001b6c                RTC_WKUP_IRQHandler
                0x08001b6c                SPI2_IRQHandler
                0x08001b6c                DMA1_Stream0_IRQHandler
                0x08001b6c                EXTI4_IRQHandler
                0x08001b6c                WWDG_IRQHandler
                0x08001b6c                OTG_FS_WKUP_IRQHandler
                0x08001b6c                EXTI1_IRQHandler
                0x08001b6c                I2C2_ER_IRQHandler
                0x08001b6c                DMA2_Stream1_IRQHandler
                0x08001b6c                FLASH_IRQHandler
                0x08001b6c                DMA2_Stream4_IRQHandler
                0x08001b6c                USART1_IRQHandler
                0x08001b6c                OTG_FS_IRQHandler
                0x08001b6c                SPI3_IRQHandler
                0x08001b6c                DMA1_Stream4_IRQHandler
                0x08001b6c                I2C1_ER_IRQHandler
                0x08001b6c                DMA2_Stream6_IRQHandler
                0x08001b6c                DMA1_Stream3_IRQHandler
 *fill*         0x08001b6e        0x2 
 .text.HAL_Init
                0x08001b70       0x44 ./Drivers/STM32F4xx_HAL_Driver/stm32f4xx_hal.o
                0x08001b70                HAL_Init
 .text.HAL_InitTick
                0x08001bb4       0x60 ./Drivers/STM32F4xx_HAL_Driver/stm32f4xx_hal.o
                0x08001bb4                HAL_InitTick
 .text.HAL_IncTick
                0x08001c14       0x28 ./Drivers/STM32F4xx_HAL_Driver/stm32f4xx_hal.o
                0x08001c14                HAL_IncTick
 .text.HAL_GetTick
                0x08001c3c       0x18 ./Drivers/STM32F4xx_HAL_Driver/stm32f4xx_hal.o
                0x08001c3c                HAL_GetTick
 .text.HAL_Delay
                0x08001c54       0x48 ./Drivers/STM32F4xx_HAL_Driver/stm32f4xx_hal.o
                0x08001c54                HAL_Delay
 .text.HAL_ADC_Init
                0x08001c9c       0x86 ./Drivers/STM32F4xx_HAL_Driver/stm32f4xx_hal_adc.o
                0x08001c9c                HAL_ADC_Init
 *fill*         0x08001d22        0x2 
 .text.HAL_ADC_Start
                0x08001d24      0x168 ./Drivers/STM32F4xx_HAL_Driver/stm32f4xx_hal_adc.o
                0x08001d24                HAL_ADC_Start
 .text.HAL_ADC_Stop
                0x08001e8c       0x66 ./Drivers/STM32F4xx_HAL_Driver/stm32f4xx_hal_adc.o
                0x08001e8c                HAL_ADC_Stop
 .text.HAL_ADC_PollForConversion
                0x08001ef2      0x116 ./Drivers/STM32F4xx_HAL_Driver/stm32f4xx_hal_adc.o
                0x08001ef2                HAL_ADC_PollForConversion
 .text.HAL_ADC_IRQHandler
                0x08002008      0x220 ./Drivers/STM32F4xx_HAL_Driver/stm32f4xx_hal_adc.o
                0x08002008                HAL_ADC_IRQHandler
 .text.HAL_ADC_GetValue
                0x08002228       0x1a ./Drivers/STM32F4xx_HAL_Driver/stm32f4xx_hal_adc.o
                0x08002228                HAL_ADC_GetValue
 .text.HAL_ADC_ConvCpltCallback
                0x08002242       0x14 ./Drivers/STM32F4xx_HAL_Driver/stm32f4xx_hal_adc.o
                0x08002242                HAL_ADC_ConvCpltCallback
 .text.HAL_ADC_LevelOutOfWindowCallback
                0x08002256       0x14 ./Drivers/STM32F4xx_HAL_Driver/stm32f4xx_hal_adc.o
                0x08002256                HAL_ADC_LevelOutOfWindowCallback
 .text.HAL_ADC_ErrorCallback
                0x0800226a       0x14 ./Drivers/STM32F4xx_HAL_Driver/stm32f4xx_hal_adc.o
                0x0800226a                HAL_ADC_ErrorCallback
 *fill*         0x0800227e        0x2 
 .text.HAL_ADC_ConfigChannel
                0x08002280      0x244 ./Drivers/STM32F4xx_HAL_Driver/stm32f4xx_hal_adc.o
                0x08002280                HAL_ADC_ConfigChannel
 .text.ADC_Init
                0x080024c4      0x1f8 ./Drivers/STM32F4xx_HAL_Driver/stm32f4xx_hal_adc.o
 .text.HAL_ADCEx_InjectedConvCpltCallback
                0x080026bc       0x14 ./Drivers/STM32F4xx_HAL_Driver/stm32f4xx_hal_adc_ex.o
                0x080026bc                HAL_ADCEx_InjectedConvCpltCallback
 .text.__NVIC_SetPriorityGrouping
                0x080026d0       0x48 ./Drivers/STM32F4xx_HAL_Driver/stm32f4xx_hal_cortex.o
 .text.__NVIC_GetPriorityGrouping
                0x08002718       0x1c ./Drivers/STM32F4xx_HAL_Driver/stm32f4xx_hal_cortex.o
 .text.__NVIC_EnableIRQ
                0x08002734       0x3c ./Drivers/STM32F4xx_HAL_Driver/stm32f4xx_hal_cortex.o
 .text.__NVIC_SetPriority
                0x08002770       0x54 ./Drivers/STM32F4xx_HAL_Driver/stm32f4xx_hal_cortex.o
 .text.NVIC_EncodePriority
                0x080027c4       0x66 ./Drivers/STM32F4xx_HAL_Driver/stm32f4xx_hal_cortex.o
 *fill*         0x0800282a        0x2 
 .text.SysTick_Config
                0x0800282c       0x44 ./Drivers/STM32F4xx_HAL_Driver/stm32f4xx_hal_cortex.o
 .text.HAL_NVIC_SetPriorityGrouping
                0x08002870       0x16 ./Drivers/STM32F4xx_HAL_Driver/stm32f4xx_hal_cortex.o
                0x08002870                HAL_NVIC_SetPriorityGrouping
 .text.HAL_NVIC_SetPriority
                0x08002886       0x38 ./Drivers/STM32F4xx_HAL_Driver/stm32f4xx_hal_cortex.o
                0x08002886                HAL_NVIC_SetPriority
 .text.HAL_NVIC_EnableIRQ
                0x080028be       0x1c ./Drivers/STM32F4xx_HAL_Driver/stm32f4xx_hal_cortex.o
                0x080028be                HAL_NVIC_EnableIRQ
 .text.HAL_SYSTICK_Config
                0x080028da       0x18 ./Drivers/STM32F4xx_HAL_Driver/stm32f4xx_hal_cortex.o
                0x080028da                HAL_SYSTICK_Config
 *fill*         0x080028f2        0x2 
 .text.HAL_DMA_Init
                0x080028f4      0x15c ./Drivers/STM32F4xx_HAL_Driver/stm32f4xx_hal_dma.o
                0x080028f4                HAL_DMA_Init
 .text.HAL_DMA_Abort
                0x08002a50       0xe0 ./Drivers/STM32F4xx_HAL_Driver/stm32f4xx_hal_dma.o
                0x08002a50                HAL_DMA_Abort
 .text.HAL_DMA_Abort_IT
                0x08002b30       0x44 ./Drivers/STM32F4xx_HAL_Driver/stm32f4xx_hal_dma.o
                0x08002b30                HAL_DMA_Abort_IT
 .text.HAL_DMA_IRQHandler
                0x08002b74      0x314 ./Drivers/STM32F4xx_HAL_Driver/stm32f4xx_hal_dma.o
                0x08002b74                HAL_DMA_IRQHandler
 .text.DMA_CalcBaseAndBitshift
                0x08002e88       0x6c ./Drivers/STM32F4xx_HAL_Driver/stm32f4xx_hal_dma.o
 .text.DMA_CheckFifoParam
                0x08002ef4       0xf8 ./Drivers/STM32F4xx_HAL_Driver/stm32f4xx_hal_dma.o
 .text.HAL_GPIO_Init
                0x08002fec      0x308 ./Drivers/STM32F4xx_HAL_Driver/stm32f4xx_hal_gpio.o
                0x08002fec                HAL_GPIO_Init
 .text.HAL_GPIO_ReadPin
                0x080032f4       0x30 ./Drivers/STM32F4xx_HAL_Driver/stm32f4xx_hal_gpio.o
                0x080032f4                HAL_GPIO_ReadPin
 .text.HAL_GPIO_WritePin
                0x08003324       0x32 ./Drivers/STM32F4xx_HAL_Driver/stm32f4xx_hal_gpio.o
                0x08003324                HAL_GPIO_WritePin
 *fill*         0x08003356        0x2 
 .text.HAL_RCC_OscConfig
                0x08003358      0x4f0 ./Drivers/STM32F4xx_HAL_Driver/stm32f4xx_hal_rcc.o
                0x08003358                HAL_RCC_OscConfig
 .text.HAL_RCC_ClockConfig
                0x08003848      0x1cc ./Drivers/STM32F4xx_HAL_Driver/stm32f4xx_hal_rcc.o
                0x08003848                HAL_RCC_ClockConfig
 .text.HAL_RCC_GetSysClockFreq
                0x08003a14      0x18c ./Drivers/STM32F4xx_HAL_Driver/stm32f4xx_hal_rcc.o
                0x08003a14                HAL_RCC_GetSysClockFreq
 .text.HAL_RCC_GetHCLKFreq
                0x08003ba0       0x18 ./Drivers/STM32F4xx_HAL_Driver/stm32f4xx_hal_rcc.o
                0x08003ba0                HAL_RCC_GetHCLKFreq
 .text.HAL_RCC_GetPCLK1Freq
                0x08003bb8       0x28 ./Drivers/STM32F4xx_HAL_Driver/stm32f4xx_hal_rcc.o
                0x08003bb8                HAL_RCC_GetPCLK1Freq
 .text.HAL_RCC_GetPCLK2Freq
                0x08003be0       0x28 ./Drivers/STM32F4xx_HAL_Driver/stm32f4xx_hal_rcc.o
                0x08003be0                HAL_RCC_GetPCLK2Freq
 .text.HAL_TIM_Base_Init
                0x08003c08       0x9e ./Drivers/STM32F4xx_HAL_Driver/stm32f4xx_hal_tim.o
                0x08003c08                HAL_TIM_Base_Init
 .text.HAL_TIM_Base_Stop_IT
                0x08003ca6       0x5e ./Drivers/STM32F4xx_HAL_Driver/stm32f4xx_hal_tim.o
                0x08003ca6                HAL_TIM_Base_Stop_IT
 .text.HAL_TIM_PWM_Init
                0x08003d04       0x9e ./Drivers/STM32F4xx_HAL_Driver/stm32f4xx_hal_tim.o
                0x08003d04                HAL_TIM_PWM_Init
 .text.HAL_TIM_PWM_MspInit
                0x08003da2       0x14 ./Drivers/STM32F4xx_HAL_Driver/stm32f4xx_hal_tim.o
                0x08003da2                HAL_TIM_PWM_MspInit
 *fill*         0x08003db6        0x2 
 .text.HAL_TIM_PWM_Start
                0x08003db8      0x160 ./Drivers/STM32F4xx_HAL_Driver/stm32f4xx_hal_tim.o
                0x08003db8                HAL_TIM_PWM_Start
 .text.HAL_TIM_IC_Init
                0x08003f18       0x9e ./Drivers/STM32F4xx_HAL_Driver/stm32f4xx_hal_tim.o
                0x08003f18                HAL_TIM_IC_Init
 .text.HAL_TIM_IC_MspInit
                0x08003fb6       0x14 ./Drivers/STM32F4xx_HAL_Driver/stm32f4xx_hal_tim.o
                0x08003fb6                HAL_TIM_IC_MspInit
 *fill*         0x08003fca        0x2 
 .text.HAL_TIM_IC_Start_IT
                0x08003fcc      0x234 ./Drivers/STM32F4xx_HAL_Driver/stm32f4xx_hal_tim.o
                0x08003fcc                HAL_TIM_IC_Start_IT
 .text.HAL_TIM_IRQHandler
                0x08004200      0x1e0 ./Drivers/STM32F4xx_HAL_Driver/stm32f4xx_hal_tim.o
                0x08004200                HAL_TIM_IRQHandler
 .text.HAL_TIM_IC_ConfigChannel
                0x080043e0      0x138 ./Drivers/STM32F4xx_HAL_Driver/stm32f4xx_hal_tim.o
                0x080043e0                HAL_TIM_IC_ConfigChannel
 .text.HAL_TIM_PWM_ConfigChannel
                0x08004518      0x184 ./Drivers/STM32F4xx_HAL_Driver/stm32f4xx_hal_tim.o
                0x08004518                HAL_TIM_PWM_ConfigChannel
 .text.HAL_TIM_ConfigClockSource
                0x0800469c      0x18e ./Drivers/STM32F4xx_HAL_Driver/stm32f4xx_hal_tim.o
                0x0800469c                HAL_TIM_ConfigClockSource
 *fill*         0x0800482a        0x2 
 .text.HAL_TIM_ReadCapturedValue
                0x0800482c       0x88 ./Drivers/STM32F4xx_HAL_Driver/stm32f4xx_hal_tim.o
                0x0800482c                HAL_TIM_ReadCapturedValue
 .text.HAL_TIM_OC_DelayElapsedCallback
                0x080048b4       0x14 ./Drivers/STM32F4xx_HAL_Driver/stm32f4xx_hal_tim.o
                0x080048b4                HAL_TIM_OC_DelayElapsedCallback
 .text.HAL_TIM_PWM_PulseFinishedCallback
                0x080048c8       0x14 ./Drivers/STM32F4xx_HAL_Driver/stm32f4xx_hal_tim.o
                0x080048c8                HAL_TIM_PWM_PulseFinishedCallback
 .text.HAL_TIM_TriggerCallback
                0x080048dc       0x14 ./Drivers/STM32F4xx_HAL_Driver/stm32f4xx_hal_tim.o
                0x080048dc                HAL_TIM_TriggerCallback
 .text.TIM_Base_SetConfig
                0x080048f0      0x118 ./Drivers/STM32F4xx_HAL_Driver/stm32f4xx_hal_tim.o
                0x080048f0                TIM_Base_SetConfig
 .text.TIM_OC1_SetConfig
                0x08004a08       0xcc ./Drivers/STM32F4xx_HAL_Driver/stm32f4xx_hal_tim.o
 .text.TIM_OC2_SetConfig
                0x08004ad4       0xd8 ./Drivers/STM32F4xx_HAL_Driver/stm32f4xx_hal_tim.o
                0x08004ad4                TIM_OC2_SetConfig
 .text.TIM_OC3_SetConfig
                0x08004bac       0xd4 ./Drivers/STM32F4xx_HAL_Driver/stm32f4xx_hal_tim.o
 .text.TIM_OC4_SetConfig
                0x08004c80       0xa0 ./Drivers/STM32F4xx_HAL_Driver/stm32f4xx_hal_tim.o
 .text.TIM_TI1_SetConfig
                0x08004d20       0xd0 ./Drivers/STM32F4xx_HAL_Driver/stm32f4xx_hal_tim.o
                0x08004d20                TIM_TI1_SetConfig
 .text.TIM_TI1_ConfigInputStage
                0x08004df0       0x5e ./Drivers/STM32F4xx_HAL_Driver/stm32f4xx_hal_tim.o
 .text.TIM_TI2_SetConfig
                0x08004e4e       0x7a ./Drivers/STM32F4xx_HAL_Driver/stm32f4xx_hal_tim.o
 .text.TIM_TI2_ConfigInputStage
                0x08004ec8       0x60 ./Drivers/STM32F4xx_HAL_Driver/stm32f4xx_hal_tim.o
 .text.TIM_TI3_SetConfig
                0x08004f28       0x78 ./Drivers/STM32F4xx_HAL_Driver/stm32f4xx_hal_tim.o
 .text.TIM_TI4_SetConfig
                0x08004fa0       0x7a ./Drivers/STM32F4xx_HAL_Driver/stm32f4xx_hal_tim.o
 .text.TIM_ITRx_SetConfig
                0x0800501a       0x36 ./Drivers/STM32F4xx_HAL_Driver/stm32f4xx_hal_tim.o
 .text.TIM_ETR_SetConfig
                0x08005050       0x40 ./Drivers/STM32F4xx_HAL_Driver/stm32f4xx_hal_tim.o
                0x08005050                TIM_ETR_SetConfig
 .text.TIM_CCxChannelCmd
                0x08005090       0x4a ./Drivers/STM32F4xx_HAL_Driver/stm32f4xx_hal_tim.o
                0x08005090                TIM_CCxChannelCmd
 *fill*         0x080050da        0x2 
 .text.HAL_TIMEx_MasterConfigSynchronization
                0x080050dc       0xdc ./Drivers/STM32F4xx_HAL_Driver/stm32f4xx_hal_tim_ex.o
                0x080050dc                HAL_TIMEx_MasterConfigSynchronization
 .text.HAL_TIMEx_CommutCallback
                0x080051b8       0x14 ./Drivers/STM32F4xx_HAL_Driver/stm32f4xx_hal_tim_ex.o
                0x080051b8                HAL_TIMEx_CommutCallback
 .text.HAL_TIMEx_BreakCallback
                0x080051cc       0x14 ./Drivers/STM32F4xx_HAL_Driver/stm32f4xx_hal_tim_ex.o
                0x080051cc                HAL_TIMEx_BreakCallback
 .text.HAL_UART_Init
                0x080051e0       0xa0 ./Drivers/STM32F4xx_HAL_Driver/stm32f4xx_hal_uart.o
                0x080051e0                HAL_UART_Init
 .text.HAL_UART_Receive_IT
                0x08005280       0x4a ./Drivers/STM32F4xx_HAL_Driver/stm32f4xx_hal_uart.o
                0x08005280                HAL_UART_Receive_IT
 *fill*         0x080052ca        0x2 
 .text.HAL_UART_IRQHandler
                0x080052cc      0x524 ./Drivers/STM32F4xx_HAL_Driver/stm32f4xx_hal_uart.o
                0x080052cc                HAL_UART_IRQHandler
 .text.HAL_UART_TxCpltCallback
                0x080057f0       0x14 ./Drivers/STM32F4xx_HAL_Driver/stm32f4xx_hal_uart.o
                0x080057f0                HAL_UART_TxCpltCallback
 .text.HAL_UART_ErrorCallback
                0x08005804       0x14 ./Drivers/STM32F4xx_HAL_Driver/stm32f4xx_hal_uart.o
                0x08005804                HAL_UART_ErrorCallback
 .text.HAL_UARTEx_RxEventCallback
                0x08005818       0x18 ./Drivers/STM32F4xx_HAL_Driver/stm32f4xx_hal_uart.o
                0x08005818                HAL_UARTEx_RxEventCallback
 .text.UART_Start_Receive_IT
                0x08005830       0x74 ./Drivers/STM32F4xx_HAL_Driver/stm32f4xx_hal_uart.o
                0x08005830                UART_Start_Receive_IT
 .text.UART_EndRxTransfer
                0x080058a4       0xc6 ./Drivers/STM32F4xx_HAL_Driver/stm32f4xx_hal_uart.o
 .text.UART_DMAAbortOnError
                0x0800596a       0x28 ./Drivers/STM32F4xx_HAL_Driver/stm32f4xx_hal_uart.o
 .text.UART_Transmit_IT
                0x08005992       0xa0 ./Drivers/STM32F4xx_HAL_Driver/stm32f4xx_hal_uart.o
 .text.UART_EndTransmit_IT
                0x08005a32       0x30 ./Drivers/STM32F4xx_HAL_Driver/stm32f4xx_hal_uart.o
 .text.UART_Receive_IT
                0x08005a62      0x17c ./Drivers/STM32F4xx_HAL_Driver/stm32f4xx_hal_uart.o
 *fill*         0x08005bde        0x2 
 .text.UART_SetConfig
                0x08005be0      0x4e8 ./Drivers/STM32F4xx_HAL_Driver/stm32f4xx_hal_uart.o
 .text.servo_Motor_Start_angle_90
                0x080060c8       0x94 ./HAL/servo_motor/servo.o
                0x080060c8                servo_Motor_Start_angle_90
 .text.servo_Motor_ADC_Control
                0x0800615c       0xa8 ./HAL/servo_motor/servo.o
                0x0800615c                servo_Motor_ADC_Control
 .text.HCSR04_Read
                0x08006204       0x4e ./HAL/ultrasonic/ultrasonic.o
                0x08006204                HCSR04_Read
 .text.memset   0x08006252       0x10 C:/ST/STM32CubeIDE_1.16.0/STM32CubeIDE/plugins/com.st.stm32cube.ide.mcu.externaltools.gnu-tools-for-stm32.12.3.rel1.win32_1.0.200.202406191623/tools/bin/../lib/gcc/arm-none-eabi/12.3.1/../../../../arm-none-eabi/lib/thumb/v7e-m+fp/hard\libc_nano.a(libc_a-memset.o)
                0x08006252                memset
 *fill*         0x08006262        0x2 
 .text.__libc_init_array
                0x08006264       0x48 C:/ST/STM32CubeIDE_1.16.0/STM32CubeIDE/plugins/com.st.stm32cube.ide.mcu.externaltools.gnu-tools-for-stm32.12.3.rel1.win32_1.0.200.202406191623/tools/bin/../lib/gcc/arm-none-eabi/12.3.1/../../../../arm-none-eabi/lib/thumb/v7e-m+fp/hard\libc_nano.a(libc_a-init.o)
                0x08006264                __libc_init_array
 *(.glue_7)
 .glue_7        0x080062ac        0x0 linker stubs
 *(.glue_7t)
 .glue_7t       0x080062ac        0x0 linker stubs
 *(.eh_frame)
 .eh_frame      0x080062ac        0x0 C:/ST/STM32CubeIDE_1.16.0/STM32CubeIDE/plugins/com.st.stm32cube.ide.mcu.externaltools.gnu-tools-for-stm32.12.3.rel1.win32_1.0.200.202406191623/tools/bin/../lib/gcc/arm-none-eabi/12.3.1/thumb/v7e-m+fp/hard/crtbegin.o
 *(.init)
 .init          0x080062ac        0x4 C:/ST/STM32CubeIDE_1.16.0/STM32CubeIDE/plugins/com.st.stm32cube.ide.mcu.externaltools.gnu-tools-for-stm32.12.3.rel1.win32_1.0.200.202406191623/tools/bin/../lib/gcc/arm-none-eabi/12.3.1/thumb/v7e-m+fp/hard/crti.o
                0x080062ac                _init
 .init          0x080062b0        0x8 C:/ST/STM32CubeIDE_1.16.0/STM32CubeIDE/plugins/com.st.stm32cube.ide.mcu.externaltools.gnu-tools-for-stm32.12.3.rel1.win32_1.0.200.202406191623/tools/bin/../lib/gcc/arm-none-eabi/12.3.1/thumb/v7e-m+fp/hard/crtn.o
 *(.fini)
 .fini          0x080062b8        0x4 C:/ST/STM32CubeIDE_1.16.0/STM32CubeIDE/plugins/com.st.stm32cube.ide.mcu.externaltools.gnu-tools-for-stm32.12.3.rel1.win32_1.0.200.202406191623/tools/bin/../lib/gcc/arm-none-eabi/12.3.1/thumb/v7e-m+fp/hard/crti.o
                0x080062b8                _fini
 .fini          0x080062bc        0x8 C:/ST/STM32CubeIDE_1.16.0/STM32CubeIDE/plugins/com.st.stm32cube.ide.mcu.externaltools.gnu-tools-for-stm32.12.3.rel1.win32_1.0.200.202406191623/tools/bin/../lib/gcc/arm-none-eabi/12.3.1/thumb/v7e-m+fp/hard/crtn.o
                0x080062c4                        . = ALIGN (0x4)
                0x080062c4                        _etext = .

.vfp11_veneer   0x080062c4        0x0
 .vfp11_veneer  0x080062c4        0x0 linker stubs

.v4_bx          0x080062c4        0x0
 .v4_bx         0x080062c4        0x0 linker stubs

.iplt           0x080062c4        0x0
 .iplt          0x080062c4        0x0 C:/ST/STM32CubeIDE_1.16.0/STM32CubeIDE/plugins/com.st.stm32cube.ide.mcu.externaltools.gnu-tools-for-stm32.12.3.rel1.win32_1.0.200.202406191623/tools/bin/../lib/gcc/arm-none-eabi/12.3.1/thumb/v7e-m+fp/hard/crtbegin.o

.rodata         0x080062c4       0x20
                0x080062c4                        . = ALIGN (0x4)
 *(.rodata)
 *(.rodata*)
 .rodata.AHBPrescTable
                0x080062c4       0x10 ./Core/Src/system_stm32f4xx.o
                0x080062c4                AHBPrescTable
 .rodata.APBPrescTable
                0x080062d4        0x8 ./Core/Src/system_stm32f4xx.o
                0x080062d4                APBPrescTable
 .rodata.flagBitshiftOffset.0
                0x080062dc        0x8 ./Drivers/STM32F4xx_HAL_Driver/stm32f4xx_hal_dma.o
                0x080062e4                        . = ALIGN (0x4)

.ARM.extab      0x080062e4        0x0
                0x080062e4                        . = ALIGN (0x4)
 *(.ARM.extab* .gnu.linkonce.armextab.*)
                0x080062e4                        . = ALIGN (0x4)

.ARM            0x080062e4        0x8
                0x080062e4                        . = ALIGN (0x4)
                0x080062e4                        __exidx_start = .
 *(.ARM.exidx*)
 .ARM.exidx     0x080062e4        0x8 C:/ST/STM32CubeIDE_1.16.0/STM32CubeIDE/plugins/com.st.stm32cube.ide.mcu.externaltools.gnu-tools-for-stm32.12.3.rel1.win32_1.0.200.202406191623/tools/bin/../lib/gcc/arm-none-eabi/12.3.1/thumb/v7e-m+fp/hard\libgcc.a(_udivmoddi4.o)
                0x080062ec                        __exidx_end = .
                0x080062ec                        . = ALIGN (0x4)

.preinit_array  0x080062ec        0x0
                0x080062ec                        . = ALIGN (0x4)
                0x080062ec                        PROVIDE (__preinit_array_start = .)
 *(.preinit_array*)
                0x080062ec                        PROVIDE (__preinit_array_end = .)
                0x080062ec                        . = ALIGN (0x4)

.init_array     0x080062ec        0x4
                0x080062ec                        . = ALIGN (0x4)
                0x080062ec                        PROVIDE (__init_array_start = .)
 *(SORT_BY_NAME(.init_array.*))
 *(.init_array*)
 .init_array    0x080062ec        0x4 C:/ST/STM32CubeIDE_1.16.0/STM32CubeIDE/plugins/com.st.stm32cube.ide.mcu.externaltools.gnu-tools-for-stm32.12.3.rel1.win32_1.0.200.202406191623/tools/bin/../lib/gcc/arm-none-eabi/12.3.1/thumb/v7e-m+fp/hard/crtbegin.o
                0x080062f0                        PROVIDE (__init_array_end = .)
                0x080062f0                        . = ALIGN (0x4)

.fini_array     0x080062f0        0x4
                0x080062f0                        . = ALIGN (0x4)
                [!provide]                        PROVIDE (__fini_array_start = .)
 *(SORT_BY_NAME(.fini_array.*))
 *(.fini_array*)
 .fini_array    0x080062f0        0x4 C:/ST/STM32CubeIDE_1.16.0/STM32CubeIDE/plugins/com.st.stm32cube.ide.mcu.externaltools.gnu-tools-for-stm32.12.3.rel1.win32_1.0.200.202406191623/tools/bin/../lib/gcc/arm-none-eabi/12.3.1/thumb/v7e-m+fp/hard/crtbegin.o
                [!provide]                        PROVIDE (__fini_array_end = .)
                0x080062f4                        . = ALIGN (0x4)
                0x080062f4                        _sidata = LOADADDR (.data)

.rel.dyn        0x080062f4        0x0
 .rel.iplt      0x080062f4        0x0 C:/ST/STM32CubeIDE_1.16.0/STM32CubeIDE/plugins/com.st.stm32cube.ide.mcu.externaltools.gnu-tools-for-stm32.12.3.rel1.win32_1.0.200.202406191623/tools/bin/../lib/gcc/arm-none-eabi/12.3.1/thumb/v7e-m+fp/hard/crtbegin.o

.data           0x20000000       0x28 load address 0x080062f4
                0x20000000                        . = ALIGN (0x4)
                0x20000000                        _sdata = .
 *(.data)
 *(.data*)
 .data.flame_value
                0x20000000        0x1 ./Core/Src/main.o
                0x20000000                flame_value
 *fill*         0x20000001        0x3 
 .data.SystemCoreClock
                0x20000004        0x4 ./Core/Src/system_stm32f4xx.o
                0x20000004                SystemCoreClock
 .data.uwTickPrio
                0x20000008        0x4 ./Drivers/STM32F4xx_HAL_Driver/stm32f4xx_hal.o
                0x20000008                uwTickPrio
 .data.uwTickFreq
                0x2000000c        0x1 ./Drivers/STM32F4xx_HAL_Driver/stm32f4xx_hal.o
                0x2000000c                uwTickFreq
 *fill*         0x2000000d        0x3 
 .data.servo    0x20000010        0x8 ./HAL/servo_motor/servo_cfg.o
                0x20000010                servo
 .data.ultra_1  0x20000018       0x10 ./HAL/ultrasonic/ultrasonic_cfg.o
                0x20000018                ultra_1
 *(.RamFunc)
 *(.RamFunc*)
                0x20000028                        . = ALIGN (0x4)
                0x20000028                        _edata = .

.igot.plt       0x20000028        0x0 load address 0x0800631c
 .igot.plt      0x20000028        0x0 C:/ST/STM32CubeIDE_1.16.0/STM32CubeIDE/plugins/com.st.stm32cube.ide.mcu.externaltools.gnu-tools-for-stm32.12.3.rel1.win32_1.0.200.202406191623/tools/bin/../lib/gcc/arm-none-eabi/12.3.1/thumb/v7e-m+fp/hard/crtbegin.o
                0x20000028                        . = ALIGN (0x4)

.bss            0x20000028      0x260 load address 0x0800631c
                0x20000028                        _sbss = .
                0x20000028                        __bss_start__ = _sbss
 *(.bss)
 .bss           0x20000028       0x1c C:/ST/STM32CubeIDE_1.16.0/STM32CubeIDE/plugins/com.st.stm32cube.ide.mcu.externaltools.gnu-tools-for-stm32.12.3.rel1.win32_1.0.200.202406191623/tools/bin/../lib/gcc/arm-none-eabi/12.3.1/thumb/v7e-m+fp/hard/crtbegin.o
 *(.bss*)
 .bss.hadc1     0x20000044       0x48 ./Core/Src/adc.o
                0x20000044                hadc1
 .bss.hdma_adc1
                0x2000008c       0x60 ./Core/Src/adc.o
                0x2000008c                hdma_adc1
 .bss.IC_Val1   0x200000ec        0x4 ./Core/Src/main.o
                0x200000ec                IC_Val1
 .bss.IC_Val2   0x200000f0        0x4 ./Core/Src/main.o
                0x200000f0                IC_Val2
 .bss.Difference
                0x200000f4        0x4 ./Core/Src/main.o
                0x200000f4                Difference
 .bss.Is_First_Captured
                0x200000f8        0x1 ./Core/Src/main.o
                0x200000f8                Is_First_Captured
 .bss.Distance  0x200000f9        0x1 ./Core/Src/main.o
                0x200000f9                Distance
 *fill*         0x200000fa        0x2 
 .bss.ADC_VALUE
                0x200000fc        0xc ./Core/Src/main.o
                0x200000fc                ADC_VALUE
 .bss.photoresistor_value
                0x20000108        0x4 ./Core/Src/main.o
                0x20000108                photoresistor_value
 .bss.potentiometer_value
                0x2000010c        0x4 ./Core/Src/main.o
                0x2000010c                potentiometer_value
 .bss.gas_value
                0x20000110        0x4 ./Core/Src/main.o
                0x20000110                gas_value
 .bss.uart_recieve
                0x20000114        0x1 ./Core/Src/main.o
                0x20000114                uart_recieve
 *fill*         0x20000115        0x3 
 .bss.htim1     0x20000118       0x48 ./Core/Src/tim.o
                0x20000118                htim1
 .bss.htim2     0x20000160       0x48 ./Core/Src/tim.o
                0x20000160                htim2
 .bss.htim10    0x200001a8       0x48 ./Core/Src/tim.o
                0x200001a8                htim10
 .bss.htim11    0x200001f0       0x48 ./Core/Src/tim.o
                0x200001f0                htim11
 .bss.huart2    0x20000238       0x48 ./Core/Src/usart.o
                0x20000238                huart2
 .bss.uwTick    0x20000280        0x4 ./Drivers/STM32F4xx_HAL_Driver/stm32f4xx_hal.o
                0x20000280                uwTick
 .bss.l_value   0x20000284        0x4 ./HAL/servo_motor/servo.o
                0x20000284                l_value
 *(COMMON)
                0x20000288                        . = ALIGN (0x4)
                0x20000288                        _ebss = .
                0x20000288                        __bss_end__ = _ebss

._user_heap_stack
                0x20000288      0x600 load address 0x0800631c
                0x20000288                        . = ALIGN (0x8)
                [!provide]                        PROVIDE (end = .)
                0x20000288                        PROVIDE (_end = .)
                0x20000488                        . = (. + _Min_Heap_Size)
 *fill*         0x20000288      0x200 
                0x20000888                        . = (. + _Min_Stack_Size)
 *fill*         0x20000488      0x400 
                0x20000888                        . = ALIGN (0x8)

/DISCARD/
 libc.a(*)
 libm.a(*)
 libgcc.a(*)

.ARM.attributes
                0x00000000       0x30
 *(.ARM.attributes)
 .ARM.attributes
                0x00000000       0x22 C:/ST/STM32CubeIDE_1.16.0/STM32CubeIDE/plugins/com.st.stm32cube.ide.mcu.externaltools.gnu-tools-for-stm32.12.3.rel1.win32_1.0.200.202406191623/tools/bin/../lib/gcc/arm-none-eabi/12.3.1/thumb/v7e-m+fp/hard/crti.o
 .ARM.attributes
                0x00000022       0x34 C:/ST/STM32CubeIDE_1.16.0/STM32CubeIDE/plugins/com.st.stm32cube.ide.mcu.externaltools.gnu-tools-for-stm32.12.3.rel1.win32_1.0.200.202406191623/tools/bin/../lib/gcc/arm-none-eabi/12.3.1/thumb/v7e-m+fp/hard/crtbegin.o
 .ARM.attributes
                0x00000056       0x34 ./Core/Src/adc.o
 .ARM.attributes
                0x0000008a       0x34 ./Core/Src/dma.o
 .ARM.attributes
                0x000000be       0x34 ./Core/Src/gpio.o
 .ARM.attributes
                0x000000f2       0x34 ./Core/Src/main.o
 .ARM.attributes
                0x00000126       0x34 ./Core/Src/stm32f4xx_hal_msp.o
 .ARM.attributes
                0x0000015a       0x34 ./Core/Src/stm32f4xx_it.o
 .ARM.attributes
                0x0000018e       0x34 ./Core/Src/system_stm32f4xx.o
 .ARM.attributes
                0x000001c2       0x34 ./Core/Src/tim.o
 .ARM.attributes
                0x000001f6       0x34 ./Core/Src/usart.o
 .ARM.attributes
                0x0000022a       0x21 ./Core/Startup/startup_stm32f401rctx.o
 .ARM.attributes
                0x0000024b       0x34 ./Drivers/STM32F4xx_HAL_Driver/stm32f4xx_hal.o
 .ARM.attributes
                0x0000027f       0x34 ./Drivers/STM32F4xx_HAL_Driver/stm32f4xx_hal_adc.o
 .ARM.attributes
                0x000002b3       0x34 ./Drivers/STM32F4xx_HAL_Driver/stm32f4xx_hal_adc_ex.o
 .ARM.attributes
                0x000002e7       0x34 ./Drivers/STM32F4xx_HAL_Driver/stm32f4xx_hal_cortex.o
 .ARM.attributes
                0x0000031b       0x34 ./Drivers/STM32F4xx_HAL_Driver/stm32f4xx_hal_dma.o
 .ARM.attributes
                0x0000034f       0x34 ./Drivers/STM32F4xx_HAL_Driver/stm32f4xx_hal_gpio.o
 .ARM.attributes
                0x00000383       0x34 ./Drivers/STM32F4xx_HAL_Driver/stm32f4xx_hal_rcc.o
 .ARM.attributes
                0x000003b7       0x34 ./Drivers/STM32F4xx_HAL_Driver/stm32f4xx_hal_tim.o
 .ARM.attributes
                0x000003eb       0x34 ./Drivers/STM32F4xx_HAL_Driver/stm32f4xx_hal_tim_ex.o
 .ARM.attributes
                0x0000041f       0x34 ./Drivers/STM32F4xx_HAL_Driver/stm32f4xx_hal_uart.o
 .ARM.attributes
                0x00000453       0x34 ./HAL/servo_motor/servo.o
 .ARM.attributes
                0x00000487       0x34 ./HAL/servo_motor/servo_cfg.o
 .ARM.attributes
                0x000004bb       0x34 ./HAL/ultrasonic/ultrasonic.o
 .ARM.attributes
                0x000004ef       0x34 ./HAL/ultrasonic/ultrasonic_cfg.o
 .ARM.attributes
                0x00000523       0x34 C:/ST/STM32CubeIDE_1.16.0/STM32CubeIDE/plugins/com.st.stm32cube.ide.mcu.externaltools.gnu-tools-for-stm32.12.3.rel1.win32_1.0.200.202406191623/tools/bin/../lib/gcc/arm-none-eabi/12.3.1/../../../../arm-none-eabi/lib/thumb/v7e-m+fp/hard\libc_nano.a(libc_a-memset.o)
 .ARM.attributes
                0x00000557       0x34 C:/ST/STM32CubeIDE_1.16.0/STM32CubeIDE/plugins/com.st.stm32cube.ide.mcu.externaltools.gnu-tools-for-stm32.12.3.rel1.win32_1.0.200.202406191623/tools/bin/../lib/gcc/arm-none-eabi/12.3.1/../../../../arm-none-eabi/lib/thumb/v7e-m+fp/hard\libc_nano.a(libc_a-init.o)
 .ARM.attributes
                0x0000058b       0x22 C:/ST/STM32CubeIDE_1.16.0/STM32CubeIDE/plugins/com.st.stm32cube.ide.mcu.externaltools.gnu-tools-for-stm32.12.3.rel1.win32_1.0.200.202406191623/tools/bin/../lib/gcc/arm-none-eabi/12.3.1/thumb/v7e-m+fp/hard\libgcc.a(_arm_muldf3.o)
 .ARM.attributes
                0x000005ad       0x22 C:/ST/STM32CubeIDE_1.16.0/STM32CubeIDE/plugins/com.st.stm32cube.ide.mcu.externaltools.gnu-tools-for-stm32.12.3.rel1.win32_1.0.200.202406191623/tools/bin/../lib/gcc/arm-none-eabi/12.3.1/thumb/v7e-m+fp/hard\libgcc.a(_arm_addsubdf3.o)
 .ARM.attributes
                0x000005cf       0x22 C:/ST/STM32CubeIDE_1.16.0/STM32CubeIDE/plugins/com.st.stm32cube.ide.mcu.externaltools.gnu-tools-for-stm32.12.3.rel1.win32_1.0.200.202406191623/tools/bin/../lib/gcc/arm-none-eabi/12.3.1/thumb/v7e-m+fp/hard\libgcc.a(_arm_fixunsdfsi.o)
 .ARM.attributes
                0x000005f1       0x22 C:/ST/STM32CubeIDE_1.16.0/STM32CubeIDE/plugins/com.st.stm32cube.ide.mcu.externaltools.gnu-tools-for-stm32.12.3.rel1.win32_1.0.200.202406191623/tools/bin/../lib/gcc/arm-none-eabi/12.3.1/thumb/v7e-m+fp/hard\libgcc.a(_aeabi_uldivmod.o)
 .ARM.attributes
                0x00000613       0x34 C:/ST/STM32CubeIDE_1.16.0/STM32CubeIDE/plugins/com.st.stm32cube.ide.mcu.externaltools.gnu-tools-for-stm32.12.3.rel1.win32_1.0.200.202406191623/tools/bin/../lib/gcc/arm-none-eabi/12.3.1/thumb/v7e-m+fp/hard\libgcc.a(_udivmoddi4.o)
 .ARM.attributes
                0x00000647       0x22 C:/ST/STM32CubeIDE_1.16.0/STM32CubeIDE/plugins/com.st.stm32cube.ide.mcu.externaltools.gnu-tools-for-stm32.12.3.rel1.win32_1.0.200.202406191623/tools/bin/../lib/gcc/arm-none-eabi/12.3.1/thumb/v7e-m+fp/hard\libgcc.a(_dvmd_tls.o)
 .ARM.attributes
                0x00000669       0x22 C:/ST/STM32CubeIDE_1.16.0/STM32CubeIDE/plugins/com.st.stm32cube.ide.mcu.externaltools.gnu-tools-for-stm32.12.3.rel1.win32_1.0.200.202406191623/tools/bin/../lib/gcc/arm-none-eabi/12.3.1/thumb/v7e-m+fp/hard/crtn.o
OUTPUT(smart_city.elf elf32-littlearm)
LOAD linker stubs
LOAD C:/ST/STM32CubeIDE_1.16.0/STM32CubeIDE/plugins/com.st.stm32cube.ide.mcu.externaltools.gnu-tools-for-stm32.12.3.rel1.win32_1.0.200.202406191623/tools/bin/../lib/gcc/arm-none-eabi/12.3.1/../../../../arm-none-eabi/lib/thumb/v7e-m+fp/hard\libc.a
LOAD C:/ST/STM32CubeIDE_1.16.0/STM32CubeIDE/plugins/com.st.stm32cube.ide.mcu.externaltools.gnu-tools-for-stm32.12.3.rel1.win32_1.0.200.202406191623/tools/bin/../lib/gcc/arm-none-eabi/12.3.1/../../../../arm-none-eabi/lib/thumb/v7e-m+fp/hard\libm.a
LOAD C:/ST/STM32CubeIDE_1.16.0/STM32CubeIDE/plugins/com.st.stm32cube.ide.mcu.externaltools.gnu-tools-for-stm32.12.3.rel1.win32_1.0.200.202406191623/tools/bin/../lib/gcc/arm-none-eabi/12.3.1/thumb/v7e-m+fp/hard\libgcc.a

.debug_info     0x00000000    0x12c9d
 .debug_info    0x00000000      0xc18 ./Core/Src/adc.o
 .debug_info    0x00000c18      0x43f ./Core/Src/dma.o
 .debug_info    0x00001057      0x433 ./Core/Src/gpio.o
 .debug_info    0x0000148a     0x15b8 ./Core/Src/main.o
 .debug_info    0x00002a42      0x291 ./Core/Src/stm32f4xx_hal_msp.o
 .debug_info    0x00002cd3      0xca1 ./Core/Src/stm32f4xx_it.o
 .debug_info    0x00003974      0x53e ./Core/Src/system_stm32f4xx.o
 .debug_info    0x00003eb2      0xfa8 ./Core/Src/tim.o
 .debug_info    0x00004e5a      0xb28 ./Core/Src/usart.o
 .debug_info    0x00005982       0x30 ./Core/Startup/startup_stm32f401rctx.o
 .debug_info    0x000059b2      0x8bb ./Drivers/STM32F4xx_HAL_Driver/stm32f4xx_hal.o
 .debug_info    0x0000626d      0xcd1 ./Drivers/STM32F4xx_HAL_Driver/stm32f4xx_hal_adc.o
 .debug_info    0x00006f3e      0xb56 ./Drivers/STM32F4xx_HAL_Driver/stm32f4xx_hal_adc_ex.o
 .debug_info    0x00007a94      0xcf6 ./Drivers/STM32F4xx_HAL_Driver/stm32f4xx_hal_cortex.o
 .debug_info    0x0000878a      0x8e6 ./Drivers/STM32F4xx_HAL_Driver/stm32f4xx_hal_dma.o
 .debug_info    0x00009070      0x6f9 ./Drivers/STM32F4xx_HAL_Driver/stm32f4xx_hal_gpio.o
 .debug_info    0x00009769      0x8f1 ./Drivers/STM32F4xx_HAL_Driver/stm32f4xx_hal_rcc.o
 .debug_info    0x0000a05a     0x2996 ./Drivers/STM32F4xx_HAL_Driver/stm32f4xx_hal_tim.o
 .debug_info    0x0000c9f0     0x14d4 ./Drivers/STM32F4xx_HAL_Driver/stm32f4xx_hal_tim_ex.o
 .debug_info    0x0000dec4     0x2f56 ./Drivers/STM32F4xx_HAL_Driver/stm32f4xx_hal_uart.o
 .debug_info    0x00010e1a      0x883 ./HAL/servo_motor/servo.o
 .debug_info    0x0001169d      0x698 ./HAL/servo_motor/servo_cfg.o
 .debug_info    0x00011d35      0x7f6 ./HAL/ultrasonic/ultrasonic.o
 .debug_info    0x0001252b      0x772 ./HAL/ultrasonic/ultrasonic_cfg.o

.debug_abbrev   0x00000000     0x2e87
 .debug_abbrev  0x00000000      0x223 ./Core/Src/adc.o
 .debug_abbrev  0x00000223      0x10e ./Core/Src/dma.o
 .debug_abbrev  0x00000331      0x151 ./Core/Src/gpio.o
 .debug_abbrev  0x00000482      0x2d6 ./Core/Src/main.o
 .debug_abbrev  0x00000758       0xd8 ./Core/Src/stm32f4xx_hal_msp.o
 .debug_abbrev  0x00000830      0x1c9 ./Core/Src/stm32f4xx_it.o
 .debug_abbrev  0x000009f9      0x11a ./Core/Src/system_stm32f4xx.o
 .debug_abbrev  0x00000b13      0x289 ./Core/Src/tim.o
 .debug_abbrev  0x00000d9c      0x217 ./Core/Src/usart.o
 .debug_abbrev  0x00000fb3       0x24 ./Core/Startup/startup_stm32f401rctx.o
 .debug_abbrev  0x00000fd7      0x24b ./Drivers/STM32F4xx_HAL_Driver/stm32f4xx_hal.o
 .debug_abbrev  0x00001222      0x20e ./Drivers/STM32F4xx_HAL_Driver/stm32f4xx_hal_adc.o
 .debug_abbrev  0x00001430      0x22c ./Drivers/STM32F4xx_HAL_Driver/stm32f4xx_hal_adc_ex.o
 .debug_abbrev  0x0000165c      0x31d ./Drivers/STM32F4xx_HAL_Driver/stm32f4xx_hal_cortex.o
 .debug_abbrev  0x00001979      0x221 ./Drivers/STM32F4xx_HAL_Driver/stm32f4xx_hal_dma.o
 .debug_abbrev  0x00001b9a      0x1d3 ./Drivers/STM32F4xx_HAL_Driver/stm32f4xx_hal_gpio.o
 .debug_abbrev  0x00001d6d      0x2b6 ./Drivers/STM32F4xx_HAL_Driver/stm32f4xx_hal_rcc.o
 .debug_abbrev  0x00002023      0x28b ./Drivers/STM32F4xx_HAL_Driver/stm32f4xx_hal_tim.o
 .debug_abbrev  0x000022ae      0x296 ./Drivers/STM32F4xx_HAL_Driver/stm32f4xx_hal_tim_ex.o
 .debug_abbrev  0x00002544      0x31b ./Drivers/STM32F4xx_HAL_Driver/stm32f4xx_hal_uart.o
 .debug_abbrev  0x0000285f      0x1d8 ./HAL/servo_motor/servo.o
 .debug_abbrev  0x00002a37      0x15b ./HAL/servo_motor/servo_cfg.o
 .debug_abbrev  0x00002b92      0x19a ./HAL/ultrasonic/ultrasonic.o
 .debug_abbrev  0x00002d2c      0x15b ./HAL/ultrasonic/ultrasonic_cfg.o

.debug_aranges  0x00000000      0xf50
 .debug_aranges
                0x00000000       0x30 ./Core/Src/adc.o
 .debug_aranges
                0x00000030       0x20 ./Core/Src/dma.o
 .debug_aranges
                0x00000050       0x20 ./Core/Src/gpio.o
 .debug_aranges
                0x00000070       0x50 ./Core/Src/main.o
 .debug_aranges
                0x000000c0       0x20 ./Core/Src/stm32f4xx_hal_msp.o
 .debug_aranges
                0x000000e0       0xa0 ./Core/Src/stm32f4xx_it.o
 .debug_aranges
                0x00000180       0x28 ./Core/Src/system_stm32f4xx.o
 .debug_aranges
                0x000001a8       0x50 ./Core/Src/tim.o
 .debug_aranges
                0x000001f8       0x30 ./Core/Src/usart.o
 .debug_aranges
                0x00000228       0x28 ./Core/Startup/startup_stm32f401rctx.o
 .debug_aranges
                0x00000250       0xf0 ./Drivers/STM32F4xx_HAL_Driver/stm32f4xx_hal.o
 .debug_aranges
                0x00000340       0xe8 ./Drivers/STM32F4xx_HAL_Driver/stm32f4xx_hal_adc.o
 .debug_aranges
                0x00000428       0x90 ./Drivers/STM32F4xx_HAL_Driver/stm32f4xx_hal_adc_ex.o
 .debug_aranges
                0x000004b8      0x130 ./Drivers/STM32F4xx_HAL_Driver/stm32f4xx_hal_cortex.o
 .debug_aranges
                0x000005e8       0x90 ./Drivers/STM32F4xx_HAL_Driver/stm32f4xx_hal_dma.o
 .debug_aranges
                0x00000678       0x58 ./Drivers/STM32F4xx_HAL_Driver/stm32f4xx_hal_gpio.o
 .debug_aranges
                0x000006d0       0x88 ./Drivers/STM32F4xx_HAL_Driver/stm32f4xx_hal_rcc.o
 .debug_aranges
                0x00000758      0x3d0 ./Drivers/STM32F4xx_HAL_Driver/stm32f4xx_hal_tim.o
 .debug_aranges
                0x00000b28      0x168 ./Drivers/STM32F4xx_HAL_Driver/stm32f4xx_hal_tim_ex.o
 .debug_aranges
                0x00000c90      0x208 ./Drivers/STM32F4xx_HAL_Driver/stm32f4xx_hal_uart.o
 .debug_aranges
                0x00000e98       0x60 ./HAL/servo_motor/servo.o
 .debug_aranges
                0x00000ef8       0x18 ./HAL/servo_motor/servo_cfg.o
 .debug_aranges
                0x00000f10       0x28 ./HAL/ultrasonic/ultrasonic.o
 .debug_aranges
                0x00000f38       0x18 ./HAL/ultrasonic/ultrasonic_cfg.o

.debug_rnglists
                0x00000000      0xbc0
 .debug_rnglists
                0x00000000       0x21 ./Core/Src/adc.o
 .debug_rnglists
                0x00000021       0x13 ./Core/Src/dma.o
 .debug_rnglists
                0x00000034       0x14 ./Core/Src/gpio.o
 .debug_rnglists
                0x00000048       0x3b ./Core/Src/main.o
 .debug_rnglists
                0x00000083       0x13 ./Core/Src/stm32f4xx_hal_msp.o
 .debug_rnglists
                0x00000096       0x73 ./Core/Src/stm32f4xx_it.o
 .debug_rnglists
                0x00000109       0x1a ./Core/Src/system_stm32f4xx.o
 .debug_rnglists
                0x00000123       0x3b ./Core/Src/tim.o
 .debug_rnglists
                0x0000015e       0x20 ./Core/Src/usart.o
 .debug_rnglists
                0x0000017e       0x19 ./Core/Startup/startup_stm32f401rctx.o
 .debug_rnglists
                0x00000197       0xaf ./Drivers/STM32F4xx_HAL_Driver/stm32f4xx_hal.o
 .debug_rnglists
                0x00000246       0xb5 ./Drivers/STM32F4xx_HAL_Driver/stm32f4xx_hal_adc.o
 .debug_rnglists
                0x000002fb       0x71 ./Drivers/STM32F4xx_HAL_Driver/stm32f4xx_hal_adc_ex.o
 .debug_rnglists
                0x0000036c       0xe0 ./Drivers/STM32F4xx_HAL_Driver/stm32f4xx_hal_cortex.o
 .debug_rnglists
                0x0000044c       0x70 ./Drivers/STM32F4xx_HAL_Driver/stm32f4xx_hal_dma.o
 .debug_rnglists
                0x000004bc       0x3f ./Drivers/STM32F4xx_HAL_Driver/stm32f4xx_hal_gpio.o
 .debug_rnglists
                0x000004fb       0x66 ./Drivers/STM32F4xx_HAL_Driver/stm32f4xx_hal_rcc.o
 .debug_rnglists
                0x00000561      0x31a ./Drivers/STM32F4xx_HAL_Driver/stm32f4xx_hal_tim.o
 .debug_rnglists
                0x0000087b      0x125 ./Drivers/STM32F4xx_HAL_Driver/stm32f4xx_hal_tim_ex.o
 .debug_rnglists
                0x000009a0      0x1bc ./Drivers/STM32F4xx_HAL_Driver/stm32f4xx_hal_uart.o
 .debug_rnglists
                0x00000b5c       0x4b ./HAL/servo_motor/servo.o
 .debug_rnglists
                0x00000ba7       0x19 ./HAL/ultrasonic/ultrasonic.o

.debug_macro    0x00000000    0x19357
 .debug_macro   0x00000000      0x20f ./Core/Src/adc.o
 .debug_macro   0x0000020f      0xab4 ./Core/Src/adc.o
 .debug_macro   0x00000cc3      0x2a1 ./Core/Src/adc.o
 .debug_macro   0x00000f64       0x2e ./Core/Src/adc.o
 .debug_macro   0x00000f92       0x28 ./Core/Src/adc.o
 .debug_macro   0x00000fba       0x22 ./Core/Src/adc.o
 .debug_macro   0x00000fdc       0x8e ./Core/Src/adc.o
 .debug_macro   0x0000106a       0x51 ./Core/Src/adc.o
 .debug_macro   0x000010bb      0x103 ./Core/Src/adc.o
 .debug_macro   0x000011be       0x6a ./Core/Src/adc.o
 .debug_macro   0x00001228      0x1df ./Core/Src/adc.o
 .debug_macro   0x00001407       0x1c ./Core/Src/adc.o
 .debug_macro   0x00001423       0x22 ./Core/Src/adc.o
 .debug_macro   0x00001445       0xfb ./Core/Src/adc.o
 .debug_macro   0x00001540     0x1011 ./Core/Src/adc.o
 .debug_macro   0x00002551      0x11f ./Core/Src/adc.o
 .debug_macro   0x00002670     0xb86c ./Core/Src/adc.o
 .debug_macro   0x0000dedc       0x6d ./Core/Src/adc.o
 .debug_macro   0x0000df49     0x369a ./Core/Src/adc.o
 .debug_macro   0x000115e3      0x189 ./Core/Src/adc.o
 .debug_macro   0x0001176c       0x5c ./Core/Src/adc.o
 .debug_macro   0x000117c8      0x416 ./Core/Src/adc.o
 .debug_macro   0x00011bde      0x9e9 ./Core/Src/adc.o
 .debug_macro   0x000125c7      0x115 ./Core/Src/adc.o
 .debug_macro   0x000126dc       0xf8 ./Core/Src/adc.o
 .debug_macro   0x000127d4       0xa5 ./Core/Src/adc.o
 .debug_macro   0x00012879      0x15f ./Core/Src/adc.o
 .debug_macro   0x000129d8      0x287 ./Core/Src/adc.o
 .debug_macro   0x00012c5f       0x5f ./Core/Src/adc.o
 .debug_macro   0x00012cbe      0x236 ./Core/Src/adc.o
 .debug_macro   0x00012ef4      0x9e1 ./Core/Src/adc.o
 .debug_macro   0x000138d5      0x38b ./Core/Src/adc.o
 .debug_macro   0x00013c60      0x176 ./Core/Src/adc.o
 .debug_macro   0x00013dd6       0xf9 ./Core/Src/adc.o
 .debug_macro   0x00013ecf      0x132 ./Core/Src/adc.o
 .debug_macro   0x00014001      0x23a ./Core/Src/adc.o
 .debug_macro   0x0001423b       0x2e ./Core/Src/adc.o
 .debug_macro   0x00014269      0x127 ./Core/Src/adc.o
 .debug_macro   0x00014390       0x85 ./Core/Src/adc.o
 .debug_macro   0x00014415       0x89 ./Core/Src/adc.o
 .debug_macro   0x0001449e      0x8ed ./Core/Src/adc.o
 .debug_macro   0x00014d8b       0x47 ./Core/Src/adc.o
 .debug_macro   0x00014dd2      0x2aa ./Core/Src/adc.o
 .debug_macro   0x0001507c      0x126 ./Core/Src/adc.o
 .debug_macro   0x000151a2       0xd0 ./Core/Src/adc.o
 .debug_macro   0x00015272      0x20f ./Core/Src/dma.o
 .debug_macro   0x00015481      0x20f ./Core/Src/gpio.o
 .debug_macro   0x00015690      0x44b ./Core/Src/main.o
 .debug_macro   0x00015adb       0x61 ./Core/Src/main.o
 .debug_macro   0x00015b3c       0x2a ./Core/Src/main.o
 .debug_macro   0x00015b66       0x43 ./Core/Src/main.o
 .debug_macro   0x00015ba9       0x34 ./Core/Src/main.o
 .debug_macro   0x00015bdd       0x16 ./Core/Src/main.o
 .debug_macro   0x00015bf3       0x35 ./Core/Src/main.o
 .debug_macro   0x00015c28      0x369 ./Core/Src/main.o
 .debug_macro   0x00015f91       0x10 ./Core/Src/main.o
 .debug_macro   0x00015fa1       0x16 ./Core/Src/main.o
 .debug_macro   0x00015fb7       0x43 ./Core/Src/main.o
 .debug_macro   0x00015ffa       0x34 ./Core/Src/main.o
 .debug_macro   0x0001602e       0x10 ./Core/Src/main.o
 .debug_macro   0x0001603e       0x58 ./Core/Src/main.o
 .debug_macro   0x00016096       0x8e ./Core/Src/main.o
 .debug_macro   0x00016124       0x1c ./Core/Src/main.o
 .debug_macro   0x00016140      0x177 ./Core/Src/main.o
 .debug_macro   0x000162b7       0x16 ./Core/Src/main.o
 .debug_macro   0x000162cd       0x16 ./Core/Src/main.o
 .debug_macro   0x000162e3      0x146 ./Core/Src/main.o
 .debug_macro   0x00016429       0x16 ./Core/Src/main.o
 .debug_macro   0x0001643f       0x20 ./Core/Src/main.o
 .debug_macro   0x0001645f       0x16 ./Core/Src/main.o
 .debug_macro   0x00016475       0x16 ./Core/Src/main.o
 .debug_macro   0x0001648b       0x10 ./Core/Src/main.o
 .debug_macro   0x0001649b       0x10 ./Core/Src/main.o
 .debug_macro   0x000164ab       0x10 ./Core/Src/main.o
 .debug_macro   0x000164bb       0x1c ./Core/Src/main.o
 .debug_macro   0x000164d7       0x52 ./Core/Src/main.o
 .debug_macro   0x00016529       0x22 ./Core/Src/main.o
 .debug_macro   0x0001654b       0x10 ./Core/Src/main.o
 .debug_macro   0x0001655b       0x52 ./Core/Src/main.o
 .debug_macro   0x000165ad       0xc1 ./Core/Src/main.o
 .debug_macro   0x0001666e       0x1c ./Core/Src/main.o
 .debug_macro   0x0001668a       0x3d ./Core/Src/main.o
 .debug_macro   0x000166c7       0x35 ./Core/Src/main.o
 .debug_macro   0x000166fc      0x205 ./Core/Src/stm32f4xx_hal_msp.o
 .debug_macro   0x00016901      0x20f ./Core/Src/stm32f4xx_it.o
 .debug_macro   0x00016b10      0x1f6 ./Core/Src/system_stm32f4xx.o
 .debug_macro   0x00016d06      0x20f ./Core/Src/tim.o
 .debug_macro   0x00016f15      0x20f ./Core/Src/usart.o
 .debug_macro   0x00017124      0x256 ./Drivers/STM32F4xx_HAL_Driver/stm32f4xx_hal.o
 .debug_macro   0x0001737a      0x1f7 ./Drivers/STM32F4xx_HAL_Driver/stm32f4xx_hal_adc.o
 .debug_macro   0x00017571      0x1f6 ./Drivers/STM32F4xx_HAL_Driver/stm32f4xx_hal_adc_ex.o
 .debug_macro   0x00017767      0x1f6 ./Drivers/STM32F4xx_HAL_Driver/stm32f4xx_hal_cortex.o
 .debug_macro   0x0001795d      0x1fc ./Drivers/STM32F4xx_HAL_Driver/stm32f4xx_hal_dma.o
 .debug_macro   0x00017b59      0x1fc ./Drivers/STM32F4xx_HAL_Driver/stm32f4xx_hal_gpio.o
 .debug_macro   0x00017d55      0x21a ./Drivers/STM32F4xx_HAL_Driver/stm32f4xx_hal_rcc.o
 .debug_macro   0x00017f6f      0x1f7 ./Drivers/STM32F4xx_HAL_Driver/stm32f4xx_hal_tim.o
 .debug_macro   0x00018166      0x1f6 ./Drivers/STM32F4xx_HAL_Driver/stm32f4xx_hal_tim_ex.o
 .debug_macro   0x0001835c      0x1f7 ./Drivers/STM32F4xx_HAL_Driver/stm32f4xx_hal_uart.o
 .debug_macro   0x00018553      0x35d ./HAL/servo_motor/servo.o
 .debug_macro   0x000188b0      0x367 ./HAL/servo_motor/servo_cfg.o
 .debug_macro   0x00018c17      0x370 ./HAL/ultrasonic/ultrasonic.o
 .debug_macro   0x00018f87       0x56 ./HAL/ultrasonic/ultrasonic.o
 .debug_macro   0x00018fdd      0x37a ./HAL/ultrasonic/ultrasonic_cfg.o

.debug_line     0x00000000    0x16a28
 .debug_line    0x00000000      0x90f ./Core/Src/adc.o
 .debug_line    0x0000090f      0x849 ./Core/Src/dma.o
 .debug_line    0x00001158      0x88c ./Core/Src/gpio.o
 .debug_line    0x000019e4      0xe57 ./Core/Src/main.o
 .debug_line    0x0000283b      0x84e ./Core/Src/stm32f4xx_hal_msp.o
 .debug_line    0x00003089      0x9d2 ./Core/Src/stm32f4xx_it.o
 .debug_line    0x00003a5b      0x8d2 ./Core/Src/system_stm32f4xx.o
 .debug_line    0x0000432d      0xa66 ./Core/Src/tim.o
 .debug_line    0x00004d93      0x8ba ./Core/Src/usart.o
 .debug_line    0x0000564d       0x7a ./Core/Startup/startup_stm32f401rctx.o
 .debug_line    0x000056c7      0xb69 ./Drivers/STM32F4xx_HAL_Driver/stm32f4xx_hal.o
 .debug_line    0x00006230     0x1325 ./Drivers/STM32F4xx_HAL_Driver/stm32f4xx_hal_adc.o
 .debug_line    0x00007555     0x1067 ./Drivers/STM32F4xx_HAL_Driver/stm32f4xx_hal_adc_ex.o
 .debug_line    0x000085bc      0xe5b ./Drivers/STM32F4xx_HAL_Driver/stm32f4xx_hal_cortex.o
 .debug_line    0x00009417     0x10d9 ./Drivers/STM32F4xx_HAL_Driver/stm32f4xx_hal_dma.o
 .debug_line    0x0000a4f0      0xcb9 ./Drivers/STM32F4xx_HAL_Driver/stm32f4xx_hal_gpio.o
 .debug_line    0x0000b1a9      0xef2 ./Drivers/STM32F4xx_HAL_Driver/stm32f4xx_hal_rcc.o
 .debug_line    0x0000c09b     0x36e7 ./Drivers/STM32F4xx_HAL_Driver/stm32f4xx_hal_tim.o
 .debug_line    0x0000f782     0x1afa ./Drivers/STM32F4xx_HAL_Driver/stm32f4xx_hal_tim_ex.o
 .debug_line    0x0001127c     0x2a3b ./Drivers/STM32F4xx_HAL_Driver/stm32f4xx_hal_uart.o
 .debug_line    0x00013cb7      0xd94 ./HAL/servo_motor/servo.o
 .debug_line    0x00014a4b      0xa6a ./HAL/servo_motor/servo_cfg.o
 .debug_line    0x000154b5      0xae6 ./HAL/ultrasonic/ultrasonic.o
 .debug_line    0x00015f9b      0xa8d ./HAL/ultrasonic/ultrasonic_cfg.o

.debug_str      0x00000000    0x9a5cc
 .debug_str     0x00000000    0x924c1 ./Core/Src/adc.o
                              0x927f3 (size before relaxing)
 .debug_str     0x000924c1       0x29 ./Core/Src/dma.o
                              0x92279 (size before relaxing)
 .debug_str     0x000924ea       0x68 ./Core/Src/gpio.o
                              0x91f89 (size before relaxing)
 .debug_str     0x00092552     0x4c33 ./Core/Src/main.o
                              0x9709a (size before relaxing)
 .debug_str     0x00097185       0x2c ./Core/Src/stm32f4xx_hal_msp.o
                              0x91ebe (size before relaxing)
 .debug_str     0x000971b1      0x1b9 ./Core/Src/stm32f4xx_it.o
                              0x9283a (size before relaxing)
 .debug_str     0x0009736a       0xdb ./Core/Src/system_stm32f4xx.o
                              0x91c33 (size before relaxing)
 .debug_str     0x00097445      0x22d ./Core/Src/tim.o
                              0x92b3a (size before relaxing)
 .debug_str     0x00097672       0x51 ./Core/Src/usart.o
                              0x92818 (size before relaxing)
 .debug_str     0x000976c3       0x44 ./Core/Startup/startup_stm32f401rctx.o
                                 0x70 (size before relaxing)
 .debug_str     0x00097707      0x62f ./Drivers/STM32F4xx_HAL_Driver/stm32f4xx_hal.o
                              0x92683 (size before relaxing)
 .debug_str     0x00097d36      0x29b ./Drivers/STM32F4xx_HAL_Driver/stm32f4xx_hal_adc.o
                              0x9223c (size before relaxing)
 .debug_str     0x00097fd1      0x30d ./Drivers/STM32F4xx_HAL_Driver/stm32f4xx_hal_adc_ex.o
                              0x92290 (size before relaxing)
 .debug_str     0x000982de      0x399 ./Drivers/STM32F4xx_HAL_Driver/stm32f4xx_hal_cortex.o
                              0x923ed (size before relaxing)
 .debug_str     0x00098677      0x303 ./Drivers/STM32F4xx_HAL_Driver/stm32f4xx_hal_dma.o
                              0x92069 (size before relaxing)
 .debug_str     0x0009897a      0x11e ./Drivers/STM32F4xx_HAL_Driver/stm32f4xx_hal_gpio.o
                              0x91ddc (size before relaxing)
 .debug_str     0x00098a98      0x261 ./Drivers/STM32F4xx_HAL_Driver/stm32f4xx_hal_rcc.o
                              0x92095 (size before relaxing)
 .debug_str     0x00098cf9      0xca7 ./Drivers/STM32F4xx_HAL_Driver/stm32f4xx_hal_tim.o
                              0x92fd9 (size before relaxing)
 .debug_str     0x000999a0      0x4c1 ./Drivers/STM32F4xx_HAL_Driver/stm32f4xx_hal_tim_ex.o
                              0x927e5 (size before relaxing)
 .debug_str     0x00099e61      0x605 ./Drivers/STM32F4xx_HAL_Driver/stm32f4xx_hal_uart.o
                              0x92664 (size before relaxing)
 .debug_str     0x0009a466       0xed ./HAL/servo_motor/servo.o
                              0x95c9c (size before relaxing)
 .debug_str     0x0009a553       0x1f ./HAL/servo_motor/servo_cfg.o
                              0x95b3c (size before relaxing)
 .debug_str     0x0009a572       0x37 ./HAL/ultrasonic/ultrasonic.o
                              0x95f39 (size before relaxing)
 .debug_str     0x0009a5a9       0x23 ./HAL/ultrasonic/ultrasonic_cfg.o
                              0x95eff (size before relaxing)

.comment        0x00000000       0x43
 .comment       0x00000000       0x43 ./Core/Src/adc.o
                                 0x44 (size before relaxing)
 .comment       0x00000043       0x44 ./Core/Src/dma.o
 .comment       0x00000043       0x44 ./Core/Src/gpio.o
 .comment       0x00000043       0x44 ./Core/Src/main.o
 .comment       0x00000043       0x44 ./Core/Src/stm32f4xx_hal_msp.o
 .comment       0x00000043       0x44 ./Core/Src/stm32f4xx_it.o
 .comment       0x00000043       0x44 ./Core/Src/system_stm32f4xx.o
 .comment       0x00000043       0x44 ./Core/Src/tim.o
 .comment       0x00000043       0x44 ./Core/Src/usart.o
 .comment       0x00000043       0x44 ./Drivers/STM32F4xx_HAL_Driver/stm32f4xx_hal.o
 .comment       0x00000043       0x44 ./Drivers/STM32F4xx_HAL_Driver/stm32f4xx_hal_adc.o
 .comment       0x00000043       0x44 ./Drivers/STM32F4xx_HAL_Driver/stm32f4xx_hal_adc_ex.o
 .comment       0x00000043       0x44 ./Drivers/STM32F4xx_HAL_Driver/stm32f4xx_hal_cortex.o
 .comment       0x00000043       0x44 ./Drivers/STM32F4xx_HAL_Driver/stm32f4xx_hal_dma.o
 .comment       0x00000043       0x44 ./Drivers/STM32F4xx_HAL_Driver/stm32f4xx_hal_gpio.o
 .comment       0x00000043       0x44 ./Drivers/STM32F4xx_HAL_Driver/stm32f4xx_hal_rcc.o
 .comment       0x00000043       0x44 ./Drivers/STM32F4xx_HAL_Driver/stm32f4xx_hal_tim.o
 .comment       0x00000043       0x44 ./Drivers/STM32F4xx_HAL_Driver/stm32f4xx_hal_tim_ex.o
 .comment       0x00000043       0x44 ./Drivers/STM32F4xx_HAL_Driver/stm32f4xx_hal_uart.o
 .comment       0x00000043       0x44 ./HAL/servo_motor/servo.o
 .comment       0x00000043       0x44 ./HAL/servo_motor/servo_cfg.o
 .comment       0x00000043       0x44 ./HAL/ultrasonic/ultrasonic.o
 .comment       0x00000043       0x44 ./HAL/ultrasonic/ultrasonic_cfg.o

.debug_frame    0x00000000     0x3ebc
 .debug_frame   0x00000000       0x7c ./Core/Src/adc.o
 .debug_frame   0x0000007c       0x34 ./Core/Src/dma.o
 .debug_frame   0x000000b0       0x34 ./Core/Src/gpio.o
 .debug_frame   0x000000e4       0xfc ./Core/Src/main.o
 .debug_frame   0x000001e0       0x38 ./Core/Src/stm32f4xx_hal_msp.o
 .debug_frame   0x00000218      0x1e4 ./Core/Src/stm32f4xx_it.o
 .debug_frame   0x000003fc       0x58 ./Core/Src/system_stm32f4xx.o
 .debug_frame   0x00000454       0xfc ./Core/Src/tim.o
 .debug_frame   0x00000550       0x74 ./Core/Src/usart.o
 .debug_frame   0x000005c4      0x374 ./Drivers/STM32F4xx_HAL_Driver/stm32f4xx_hal.o
 .debug_frame   0x00000938      0x3fc ./Drivers/STM32F4xx_HAL_Driver/stm32f4xx_hal_adc.o
 .debug_frame   0x00000d34      0x250 ./Drivers/STM32F4xx_HAL_Driver/stm32f4xx_hal_adc_ex.o
 .debug_frame   0x00000f84      0x508 ./Drivers/STM32F4xx_HAL_Driver/stm32f4xx_hal_cortex.o
 .debug_frame   0x0000148c      0x250 ./Drivers/STM32F4xx_HAL_Driver/stm32f4xx_hal_dma.o
 .debug_frame   0x000016dc      0x14c ./Drivers/STM32F4xx_HAL_Driver/stm32f4xx_hal_gpio.o
 .debug_frame   0x00001828      0x1f4 ./Drivers/STM32F4xx_HAL_Driver/stm32f4xx_hal_rcc.o
 .debug_frame   0x00001a1c     0x11b8 ./Drivers/STM32F4xx_HAL_Driver/stm32f4xx_hal_tim.o
 .debug_frame   0x00002bd4      0x638 ./Drivers/STM32F4xx_HAL_Driver/stm32f4xx_hal_tim_ex.o
 .debug_frame   0x0000320c      0x954 ./Drivers/STM32F4xx_HAL_Driver/stm32f4xx_hal_uart.o
 .debug_frame   0x00003b60      0x154 ./HAL/servo_motor/servo.o
 .debug_frame   0x00003cb4       0x5c ./HAL/ultrasonic/ultrasonic.o
 .debug_frame   0x00003d10       0x20 C:/ST/STM32CubeIDE_1.16.0/STM32CubeIDE/plugins/com.st.stm32cube.ide.mcu.externaltools.gnu-tools-for-stm32.12.3.rel1.win32_1.0.200.202406191623/tools/bin/../lib/gcc/arm-none-eabi/12.3.1/../../../../arm-none-eabi/lib/thumb/v7e-m+fp/hard\libc_nano.a(libc_a-memset.o)
 .debug_frame   0x00003d30       0x2c C:/ST/STM32CubeIDE_1.16.0/STM32CubeIDE/plugins/com.st.stm32cube.ide.mcu.externaltools.gnu-tools-for-stm32.12.3.rel1.win32_1.0.200.202406191623/tools/bin/../lib/gcc/arm-none-eabi/12.3.1/../../../../arm-none-eabi/lib/thumb/v7e-m+fp/hard\libc_nano.a(libc_a-init.o)
 .debug_frame   0x00003d5c       0x30 C:/ST/STM32CubeIDE_1.16.0/STM32CubeIDE/plugins/com.st.stm32cube.ide.mcu.externaltools.gnu-tools-for-stm32.12.3.rel1.win32_1.0.200.202406191623/tools/bin/../lib/gcc/arm-none-eabi/12.3.1/thumb/v7e-m+fp/hard\libgcc.a(_arm_muldf3.o)
 .debug_frame   0x00003d8c       0xac C:/ST/STM32CubeIDE_1.16.0/STM32CubeIDE/plugins/com.st.stm32cube.ide.mcu.externaltools.gnu-tools-for-stm32.12.3.rel1.win32_1.0.200.202406191623/tools/bin/../lib/gcc/arm-none-eabi/12.3.1/thumb/v7e-m+fp/hard\libgcc.a(_arm_addsubdf3.o)
 .debug_frame   0x00003e38       0x24 C:/ST/STM32CubeIDE_1.16.0/STM32CubeIDE/plugins/com.st.stm32cube.ide.mcu.externaltools.gnu-tools-for-stm32.12.3.rel1.win32_1.0.200.202406191623/tools/bin/../lib/gcc/arm-none-eabi/12.3.1/thumb/v7e-m+fp/hard\libgcc.a(_arm_fixunsdfsi.o)
 .debug_frame   0x00003e5c       0x2c C:/ST/STM32CubeIDE_1.16.0/STM32CubeIDE/plugins/com.st.stm32cube.ide.mcu.externaltools.gnu-tools-for-stm32.12.3.rel1.win32_1.0.200.202406191623/tools/bin/../lib/gcc/arm-none-eabi/12.3.1/thumb/v7e-m+fp/hard\libgcc.a(_aeabi_uldivmod.o)
 .debug_frame   0x00003e88       0x34 C:/ST/STM32CubeIDE_1.16.0/STM32CubeIDE/plugins/com.st.stm32cube.ide.mcu.externaltools.gnu-tools-for-stm32.12.3.rel1.win32_1.0.200.202406191623/tools/bin/../lib/gcc/arm-none-eabi/12.3.1/thumb/v7e-m+fp/hard\libgcc.a(_udivmoddi4.o)

.debug_line_str
                0x00000000       0x54
 .debug_line_str
                0x00000000       0x54 ./Core/Startup/startup_stm32f401rctx.o
